[    0.000000] Initializing cgroup subsys cpuset
[    0.000000Intializing cgroup subsys cpu
[    0.000000] Initializing cgroup subsys cpuacct
[    0.000000] Linux version 4.4.0-142-generic (buildd@lgw01-amd64-033) (gcc version 5.4.0 20160609 (Ubuntu 5.4.0-6ubuntu1~16.04.10) ) #168-Unt SMP Wed Jan 16 21:00:45 UTC 2019 (Ubuntu 4.4.0-142.168-generic 4.4.167)
[    0.000000] Command line: BOOT_IMAGE=/boot/vmnu4.4.0-142-eneric root=UUID=2f6cd4cf-873c-406f-b7d5-d9ea95f64e24 ro console=tty1 console=ttyS0
[    0.000000] KERNEL supportecps:
    0.000000]   Intel GenuineIntel
[    0.000000]  AM AuthenticAMD[   0.0000]  CeaurCentaurHauls
[    0.000000] x86/fpu: xstate_offset[2]:  576, xstate_sizes[2]:  256
[    0.000000] x86/fpu: Supporting XSAVE feature 0x01: 'x87 floating point registers'
[    0.000000] x86/fpu: Supporting XSAVE feature 0x02: 'SSE registers'
[    0.000000] x86/fpu: Supporting XSAVE feature 0x04: 'AVX registers'
[    0.000000] x86/fpu: Enabled xstate features 0x7, context size is 832 bytes, using 'standard' format.
[    0.000000] e820: BIOS-provided physical RAM map:
[    0.000000] BIOS-e820: [mem 0x0000000000000000-0x000000000009fbff] usable
[    0.000000]IO-e820: [mem 0x000000000009fc00-0x000000000009ffff] reserved
[    0.000000] BIOS-e820: [mem 0x00000000000f0000-0x00000000ffff] reserd[    0.000000] BIOS-e820: [mem 0x0000000000100000-0x000000009e7effff] usable
[    00000 BIOS-e820: [mem 0x000000009e7f0000-0x000000009e7fffff] ACPI data
[    0.000000] BIOS-e820: [mem 0x00000000fec00000-0x00000000fec00fff] reserved
[    0.000000] BIOS-e820: [mem 0x00000000fee00000-0x00000000fee00fff] reserved
[    0.000000] BIOS-e820: [mem 0x00000000fffc0000-0x00000000ffffffff] reserved
[    0.000000] NX (Execute Disable) protection: active
[    0.000000] SMBIOS 2.5 present.
[    0.000000] Hypervisor detected: KVM
[    0.000000] e820: last_pfn = 0x9e7f0 max_arch_pfn = 0x400000000
[    0000000] MTRR: Disabled
[    0.000000] x86/PAT: MTRRs disabled, skipping PAT initialization too.
[    0.000000] CPU MTRRs all blank - virtualized system.
[    0.000000] x86/PAT: Configuration [0-7]: WB  WT  UC- UC  WB  WT  UC- UC  
[    0.000000] found SMP MP-table at [mem 0x0009fff0-0x0009ffff] mapped at [ffff88000009fff0]
[    0.000000] Scanning 1 areas for low memory corruption
[    0.000000] RAMDISK: [mem 0x361ea000-0x370ecfff]
[    0.000000] ACPI: Early table checksum verification disabled
[    0.000000] ACPI: RSDP 0x00000000000E0000 000024 (v02 VBOX  )
[    0.000000] ACPI: XSDT 0x000000009E7F0030 00003C (v01 VBOX   VBOXXSDT 00000001 ASL  00000061)
[    0.000000] ACPI: FACP 0x000000009E7F00F0 0000F4 (v04 VBOX   VBOXFACP 00000001 ASL  00000061)
[    0.000000] ACPI: DSDT 0x000000009E7F0470 0021FF (v02 VBOX   VBOXBIOS 00000002 INTL 20100528)
[    0.000000] ACPI: FACS 0x000000009E7F0200 000040
[    0.000000] ACPI: FACS 0x000000009E7F0200 000040
[    0.000000] ACPI: APIC 0x000000009E7F0240 00005C (v02 VBOX   VBOXAPIC 00000001 ASL  00000061)
[    0.000000] ACPI: SSDT 0x000000009E7F02A0 0001CC (v01 VBOX   VBOXCPUT 00000002 INTL 20100528)
[    0.000000] No NUMA configuration found
[    0.000000] Faking a node at [mem 0x0000000000000000-0x000000009e7effff]
[    0.000000] NODE_DATA(0) allocated [mem 0x9e7eb000-0x9e7effff]
[    0.000000] kvm-clock: Using msrs 4b564d01 and 4b564d00
[    0.000000] kvm-clock: cpu 0, msr 0:9e7e3001, prima cpu clock

[    0.000000] kv-clock: using schd offset f 3578364926 cycles
[    0.000000] clocksource: kvm-clock: mask: 0xffffffffffffffff max_cycles: 0x1cd42e4dffb, max_ie_n: 85959483 ns
[  0.00000] Zone ranges:
[    0.000000]  DMA      [mem 0x0000000000001000-0x0000000000ffffff]
[    0.000000]   DMA32    [mem 0x0000000001000000-0x000000009e7effff]
[    0.000000]   Normal   empty
[    0.000000]   Device   empty
[    0.000000 Movabe zoe srtor eah de
[    0.000000] Earlyemory node nges
[  00000]   node  0: [me 0x000000000100-0000000efff
  0.000000]   node   0: [mem 0x0000000000100000-0x000000009e7effff]
[    0.000000] Initmem setup node 0 [mem 0x000000000000000x000000009e7effff]
[    0.0000] ACPI: PM-Timer IOPot: 0x4008
[  000000]OAIC[0]:piid 2, versioon 32, address 0xfec00000, GSI 0-23
[    0.000000] ACPI: INT_SRC_OVR (bus 0 bus_irq 0 global_irq 2 dfl dfl)
[    0.0000] ACPI: INT_SRC_OVR (bus 0 bus_irq 9 global_irq 9 low level)
[    0.000000] Using ACPI (MADT) for SMP configuration information
[    0.000000] smpboot: Allowing 2 CPUs, 0 hotplug CPUs
[    0.000000] PM: Registered nosave memory: [mem 0x00000000-0x00000fff]
[    0.000000] PM: Registered nosave memory: [mem 0x0009f000-0x0009ffff]
[    0.000000] PM: Registered nosave memory: [mem 0x000a0000-0x000effff]
[    0.000000] PM: Registered nosave memory: [mem 0x000f0000-0x000fffff]
[    0.000000] e820: [mem 0x9e800000-0xfebfffff] available for PCI dices
[    0.000000] Booting paravirtualized kernel onVM
[  0000000] clocsoce: rinejiffies: ma: 0ffffffff max_cycles: 0xffffffff, max_idle_ns: 7645519600211568 ns
[    0.000 setup_perc: NR_CPUS:512 nr_cpumask_bits:512 nr_cpu_ids:2 nr_node_ids:1
[    0.000000] PERCPU: Embedd 34 pages/cpu @ffff88009e400000 s99480 r8192 d31592 u1048576
[    0.000000] Blt1 onelists in Node ordr,mobiliy ouingn. Ttal ag: 3893
[  0.00] Poiczoe: DM2[    0.000000] Kerelomand neBOOT_IMAG=/oot/vmlinuz-4.4.0-142-generic root=UUIDf6cd4cf-3c406f-b7d5-d9a95f64e24 ro csoe=tt cnsle=tS0
[   0.000] PI hh ablentes: 4096 (order: 3, 32768 byts)
[    0.000000] Memory: 2520872K/2596408K available (8603K kernel code, 1332K rwdata, 4004K rodata, 1484K init, 1316K bss, 75536K reserved, 0K cma-reserved)
[    0.000000] SLUB: HWalign=64, Order=0-3, MinObjects=0, CPUs=2, Nodes=1
[    0.000000] Kernel/User page tables isolation: enabled
[    0.000000] Hierarchical RCU implementation.
[    0.000000] 	Build-time adjustment of leaf fanout to 64.
[    0.000000] 	RCU restricting CPUs from NR_CPUS=512 to nr_cpu_ids=2.
[    0.000000] RCU: djsting gemey or rcu_fanout_leaf=64, nr_cpu_ids=2
[    0.000000] NR_IRQS:33024 nr_irqs:440 16
[    0.000000] Console: colour VGA+ 80x25
[    0.000000] console [tty1] enabled
[    0.000000] console [ttyS0] enabled
[    0.000000] tsc: Detected 2807.998 MHz processor
[    3.500302] Calibrating delay loop (skipped) preset value.. 5615.99 BogoMIPS (j=231992)
[    3.555322] pid_max: default: 32768 minimum: 301
[    3.570281] ACPI: Core revision 20150930
[    3.608381] ACPI: 2 ACPI AML tables successfully acquired and loaded
[    3.693929] Security Framework initialized
[    3.694662] Yama: becoming mindful.
[    3.695389] AppArmor: AppArmor initialized
[    3.771575] Dentry cache hash table entries: 524288 (order: 10, 4194304 bytes)
[    3.822684] Inode-cache hash table entries: 262144 (order: 9, 2097152 bytes)
[    3.901689] Mount-cache hash table entries: 8192 (order: 4, 65536 bytes)
[    3.902837] Mountpoint-cache hash table entries: 8192 (order: 4, 65536 bytes)
[    3.971127] Initializing cgroup subsys io
[    3.978296] Initializing cgroup subsys memory
[    4.032612] Initializing cgroup subsys devices
[    4.040899] Initializing cgroup subsys freezer
[    4.097110] Initializing cgroup subsys net_cls
[    4.101309] Initializing cgroup subsys perf_event
[    4.102196] Initializing cgroup subsys net_prio
[    4.103029] Initializing cgroup subsys hugetlb
[    4.103962] Initializing cgroup subsys pids
[    4.129489] mce: CPU supports 0 MCE banks
[    4.141493] Last level iTLB entries: 4KB 64, 2MB 8, 4MB 8
[    4.149018] Last level dTLB entries: 4KB 64, 2MB 0, 4MB 0, 1GB 4
[    4.156505] Spectre V2 : Mitigation: Full generic retpoline
[    4.163741] Spectre V2 : Spectre v2 / SpectreRSB mitigation: Filling RSB on context switch
[    4.165168] Speculative Store Bypass: Vulnerable
[    4.219568] Freeing SMP alternatives memory: 32K
[    4.320929] ftrace: allocating 32277 entries in 127 pages
[    4.411742] smpboot: APIC(0) Converting physical 0 to logical package 0
[    4.456629] smpboot: Max logical packages: 1
[    4.465812] x2apic enabled
[    4.477094] Switched APIC routing to physical x2apic.
[    4.479081] ..TIMER: vector=0x30 apic1=0 pin1=2 apic2=-1 pin2=-1
[    4.600712] APIC calibration not consistent with PM-Timer: 111ms instead of 100ms
[    4.751472] APIC delta adjusted to PM-Timer: 6243719 (6975113)
[    4.837461] smpboot: CPU0: Intel(R) Core(TM) i7-7700HQ CPU @ 2.80GHz (family: 0x6, model: 0x9e, stepping: 0x9)
[    4.922264] Performance Events: unsupported p6 CPU model 158 no PMU driver, software events only.
[    5.048007] KVM setup paravirtual spinlock
[    5.072839] x86: Booting SMP configuration:
[    5.111590] .... node  #0, CPUs:      #1
[    5.166157] kvm-clock: cpu 1, msr 0:9e7e3041, secondary cpu clock
[    5.186883] mce: CPU supports 0 MCE banks
[    5.191076] x86: Booted up 1 node, 2 CPUs
[    5.244310] smpboot: Total of 2 processors activated (11231.99 BogoMIPS)
[    5.254659] devtmpfs: initialized
[    5.257404] evm: security.selinux
[    5.258184] evm: security.SMACK64
[    5.258869] evm: security.SMACK64EXEC
[    5.259631] evm: security.SMACK64TRANSMUTE
[    5.260415] evm: security.SMACK64MMAP
[    5.274468] evm: security.ima
[    5.280585] evm: security.capability
[    5.288252] clocksource: jiffies: mask: 0xffffffff max_cycles: 0xffffffff, max_idle_ns: 7645041785100000 ns
[    5.313527] futex hash table entries: 512 (order: 3, 32768 bytes)
[    5.384779] pinctrl core: initialized pinctrl subsystem
[    5.430540] RTC time:  1:43:26, date: 09/19/19
[    5.443690] NET: Registered protocol family 16
[    5.510488] cpuidle: using governor ladder
[    5.529978] cpuidle: using governor menu
[    5.536599] PCCT header not found.
[    5.537348] ACPI: bus type PCI registered
[    5.538056] acpiphp: ACPI Hot Plug PCI Controller Driver version: 0.5
[    5.539333] PCI: Using configuration type 1 for base access
[    5.620157] ACPI: Added _OSI(Module Device)
[    5.635266] ACPI: Added _OSI(Processor Device)
[    5.642902] ACPI: Added _OSI(3.0 _SCP Extensions)
[    5.659491] ACPI: Added _OSI(Processor Aggregator Device)
[    5.677049] ACPI: Executed 1 blocks of module-level executable AML code
[    5.694270] ACPI: Interpreter enabled
[    5.717012] ACPI: (supports S0 S5)
[    5.721947] ACPI: Using IOAPIC for interrupt routing
[    5.724457] PCI: Using host bridge windows from ACPI; if necessary, use "pci=nocrs" and report a bug
[    5.736259] ACPI: PCI Root Bridge [PCI0] (domain 0000 [bus 00-ff])
[    5.741741] acpi PNP0A03:00: _OSC: OS supports [ASPM ClockPM Segments MSI]
[    5.751036] acpi PNP0A03:00: _OSC: not requesting OS control; OS requires [ExtendedConfig ASPM ClockPM MSI]
[    5.761146] acpi PNP0A03:00: fail to add MMCONFIG information, can't access extended PCI configuration space under this bridge.
[    5.769013] PCI host bridge to bus 0000:00
[    5.769843] pci_bus 0000:00: root bus resource [io  0x0000-0x0cf7 window]
[    5.772334] pci_bus 0000:00: root bus resource [io  0x0d00-0xffff window]
[    5.782406] pci_bus 0000:00: root bus resource [mem 0x000a0000-0x000bffff window]
[    5.783725] pci_bus 0000:00: root bus resource [mem 0x9e800000-0xfdffffff window]
[    5.785312] pci_bus 0000:00: root bus resource [bus 00-ff]
[    5.789704] pci 0000:00:01.1: legacy IDE quirk: reg 0x10: [io  0x01f0-0x01f7]
[    5.796665] pci 0000:00:01.1: legacy IDE quirk: reg 0x14: [io  0x03f6]
[    5.797694] pci 0000:00:01.1: legacy IDE quirk: reg 0x18: [io  0x0170-0x0177]
[    5.810622] pci 0000:00:01.1: legacy IDE quirk: reg 0x1c: [io  0x0376]
[    5.848899] pci 0000:00:07.0: quirk: [io  0x4000-0x403f] claimed by PIIX4 ACPI
[    5.857794] pci 0000:00:07.0: quirk: [io  0x4100-0x410f] claimed by PIIX4 SMB
[    5.876246] ACPI: PCI Interrupt Link [LNKA] (IRQs 5 9 10 *11)
[    5.904268] ACPI: PCI Interrupt Link [LNKB] (IRQs 5 9 *10 11)
[    5.950180] ACPI: PCI Interrupt Link [LNKC] (IRQs 5 *9 10 11)
[    5.966904] ACPI: PCI Interrupt Link [LNKD] (IRQs 5 9 10 *11)
[    5.983988] ACPI: Enabled 2 GPEs in block 00 to 07
[    6.016242] vgaarb: setting as boot device: PCI:0000:00:02.0
[    6.032706] vgaarb: device added: PCI:0000:00:02.0,decodes=io+mem,owns=io+mem,locks=none
[    6.050492] vgaarb: loaded
[    6.051818] vgaarb: bridge control possible 0000:00:02.0
[    6.073643] SCSI subsystem initialized
[    6.075480] ACPI: bus type USB registered
[    6.083113] usbcore: registered new interface driver usbfs
[    6.098704] usbcore: registered new interface driver hub
[    6.110095] usbcore: registered new device driver usb
[    6.113226] PCI: Using ACPI for IRQ routing
[    6.118174] NetLabel: Initializing
[    6.128036] NetLabel:  domain hash size = 128
[    6.131044] NetLabel:  protocols = UNLABELED CIPSOv4
[    6.133601] NetLabel:  unlabeled traffic allowed by default
[    6.148860] amd_nb: Cannot enumerate AMD northbridges
[    6.164081] clocksource: Switched to clocksource kvm-clock
[    6.181568] AppArmor: AppArmor Filesystem Enabled
[    6.184579] pnp: PnP ACPI init
[    6.185892] pnp: PnP ACPI: found 3 devices
[   6.194364] clocksource: acpi_pm: mask: 0xffffff max_cycles: 0xffffff, max_idle_s: 085102 ns
[   6.55395] T:egsted rotocol fily2
[    7138TCestablished hash table entries: 32768 (order: , 21 bes
[  7425]CPind hash table entries: 32768 (order: 7, 524288 bytes)
[    7.404079] TCP: Hh tabs nfigured (established 32768 bind 32768)
[   758571]UDP hash table entries: 2048 (order: 4, 65536 bytes)
[    7.696784] UDP-Lite hash table entries: 2048 (order: 4, 6556 bys)[  7223] NET: Registered protocol family 1
[   999455 pci 0000:00:00.0:Limti decPCI/PCIransfer
[  8.413365pc0000:0:.0ActvangISDM hg rkous
[   0537 Unpacking initramfs...

[    9.443155] Freeing initrd memory: 15372K
[    9.543086] platform rtc_cmos: registered platform RTC device (no PNP device found)
[    9.620449] Scanning for low memory corruption every 60 seconds
[    9.621944] audit: initializing netlink subsys (disabled)
[    9.648768] audit: type=2000 audit(1568857409.942:1): initialized
[    9.713028] Initialise system trusted keyring
[    9.770606] HugeTLB registered 2 MB page size, pre-allocated 0 pages
[    9.787029] zbud: loaded
[    9.793324] VFS: Disk quotas dquot_6.6.0
[    9.794273] VFS: Dquot-cache hash table entries: 512 (order 0, 4096 bytes)
[    9.795648] squashfs: version 4.0 (2009/01/31) Phillip Lougher
[    9.796870] fuse init (API version 7.23)
[    9.797736] Key type big_key registered
[    9.800882] Allocating IMA MOK and blacklist keyrings.
[    9.802909] Key type asymmetric registered
[    9.803678] Asymmetric key parser 'x509' registered
[    9.804577] Block layer SCSI generic (bsg) driver version 0.4 loaded (major 249)
[    9.805941] io scheduler noop registered
[    9.806651] io scheduler deadline registered (default)
[    9.808338] io scheduler cfq registered
[    9.809214] pci_hotplug: PCI Hot Plug PCI Core version: 0.5
[    9.824135] pciehp: PCI Express Hot Plug Controller Driver version: 0.4
[    9.825381] ACPI: AC Adapter [AC] (on-line)
[    9.829344] input: Power Button as /devices/LNXSYSTM:00/LNXPWRBN:00/input/input0
[    9.830646] ACPI: Power Button [PWRF]
[    9.831375] input: Sleep Button as /devices/LNXSYSTM:00/LNXSLPBN:00/input/input1
[    9.865274] ACPI: Sleep Button [SLPF]
[    9.894811] GHES: HEST is not enabled!
[    9.895685] ACPI: Battery Slot [BAT0] (battery present)
[    9.971254] Serial: 8250/16550 driver, 32 ports, IRQ sharing enabled
[   10.057929] 00:02: ttyS0 at I/O 0x3f8 (irq = 4, base_baud = 115200) is a 16550A
[   10.145878] Linux agpgart interface v0.103
[   10.158843] loop: module loaded
[   10.196948] scsi host0: ata_piix
[   10.197765] scsi host1: ata_piix
[   10.198414] ata1: PATA max UDMA/33 cmd 0x1f0 ctl 0x3f6 bmdma 0xd000 irq 14
[   10.199494] ata2: PATA max UDMA/33 cmd 0x170 ctl 0x376 bmdma 0xd008 irq 15
[   10.200681] libphy: Fixed MDIO Bus: probed
[   10.203266] tun: Universal TUN/TAP device driver, 1.6
[   10.204285] tun: (C) 1999-2004 Max Krasnyansky <maxk@qualcomm.com>
[   10.251582] PPP generic driver version 2.4.2
[   10.274858] ehci_hcd: USB 2.0 'Enhanced' Host Controller (EHCI) Driver
[   10.337318] ehci-pci: EHCI PCI platform driver
[   10.352926] ehci-platform: EHCI generic platform driver
[   10.364645] ohci_hcd: USB 1.1 'Open' Host Controller (OHCI) Driver
[   10.397139] ohci-pci: OHCI PCI platform driver
[   10.431775] ohci-platform: OHCI generic platform driver
[   10.450632] uhci_hcd: USB Universal Host Controller Interface driver
[   10.526885] i8042: PNP: PS/2 Controller [PNP0303:PS2K,PNP0f03:PS2M] at 0x60,0x64 irq 1,12
[   10.540450] tsc: Refined TSC clocksource calibration: 2807.349 MHz
[   10.540451] clocksource: tsc: mask: 0xffffffffffffffff max_cycles: 0x28775eed3e5, max_idle_ns: 440795288734 ns
[   10.669528] serio: i8042 KBD port at 0x60,0x64 irq 1
[   10.670407] serio: i8042 AUX port at 0x60,0x64 irq 12
[   10.671380] mousedev: PS/2 mouse device common for all mice
[   10.672774] input: AT Translated Set 2 keyboard as /devices/platform/i8042/serio0/input/input2
[   10.674426] rtc_cmos rtc_cmos: rtc core: registered rtc_cmos as rtc0
[   10.675954] rtc_cmos rtc_cmos: alarms up to one day, 114 bytes nvram
[   10.682369] i2c /dev entries driver
[   10.716045] device-mapper: uevent: version 1.0.3
[   10.726720] device-mapper: ioctl: 4.34.0-ioctl (2015-10-28) initialised: dm-devel@redhat.com
[   10.736769] ledtrig-cpu: registered to indicate activity on CPUs
[   10.739734] NET: Registered protocol family 10
[   10.740679] NET: Registered protocol family 17
[   10.741527] Key type dns_resolver registered
[   10.742760] registered taskstats version 1
[   10.743685] Loading compiled-in X.509 certificates
[   10.747677] Loaded X.509 cert 'Build time autogenerated kernel key: bff73e56bc0efa7435b2a24f5427674623f1be80'
[   10.749542] zswap: loaded using pool lzo/zbud
[   10.758555] Key type trusted registered
[   10.773156] Key type encrypted registered
[   10.773918] AppArmor: AppArmor sha1 policy hashing enabled
[   10.783212] ima: No TPM chip found, activating TPM-bypass!
[   10.784107] ima: Allocated hash algorithm: sha1
[   10.784950] evm: HMAC attrs: 0x1
[   10.785917]   Magic number: 3:234:711
[   10.786884] rtc_cmos rtc_cmos: setting system clock to 2019-09-19 01:43:31 UTC (1568857411)
[   10.788635] BIOS EDD facility v0.16 2004-Jun-25, 0 devices found
[   10.789618] EDD information not available.
[   10.791571] Freeing unused kernel memory: 1484K
[   10.804940] Write protecting the kernel read-only data: 14336k
[   10.856393] Freeing unused kernel memory: 1624K
[   10.857408] Freeing unused kernel memory: 92K
Loading, please wait...
starting version 229
[   10.869143] random: systemd-udevd: uninitialized urandom read (16 bytes read, 5 bits of entropy available)
[   10.869606] random: udevadm: uninitialized urandom read (16 bytes read, 5 bits of entropy available)
[   10.869620] random: udevadm: uninitialized urandom read (16 bytes read, 5 bits of entropy available)
[   10.875261] random: systemd-udevd: uninitialized urandom read (16 bytes read, 5 bits of entropy available)
[   10.878575] random: udevadm: uninitialized urandom read (16 bytes read, 5 bits of entropy available)
[   10.878636] random: udevadm: uninitialized urandom read (16 bytes read, 5 bits of entropy available)
[   10.878815] random: udevadm: uninitialized urandom read (16 bytes read, 5 bits of entropy available)
[   10.878878] random: udevadm: uninitialized urandom read (16 bytes read, 5 bits of entropy available)
[   10.878922] random: udevadm: uninitialized urandom read (16 bytes read, 5 bits of entropy available)
[   10.878965] random: udevadm: uninitialized urandom read (16 bytes read, 5 bits of entropy available)
[   11.122349] e1000: Intel(R) PRO/1000 Network Driver - version 7.3.21-k8-NAPI
[   11.130988] e1000: Copyright (c) 1999-2006 Intel Corporation.
[   11.143536] Fusion MPT base driver 3.04.20
[   11.150677] Copyright (c) 1999-2008 LSI Corporation
[   11.160045] AVX2 version of gcm_enc/dec engaged.
[   11.174201] AES CTR mode by8 optimization enabled
[   11.178068] Fusion MPT SPI Host driver 3.04.20
[   11.414534] input: ImExPS/2 Generic Explorer Mouse as /devices/platform/i8042/serio1/input/input4
[   11.562815] e1000 0000:00:03.0 eth0: (PCI:33MHz:32-bit) 02:af:02:e1:1a:f1
[   11.643863] e1000 0000:00:03.0 eth0: Intel(R) PRO/1000 Network Connection
[   12.152864] e1000 0000:00:08.0 eth1: (PCI:33MHz:32-bit) 08:00:27:a1:4f:83
[   12.161987] e1000 0000:00:08.0 eth1: Intel(R) PRO/1000 Network Connection
[   12.164491] e1000 0000:00:03.0 enp0s3: renamed from eth0
[   12.183193] mptbase: ioc0: Initiating bringup
[   12.237614] e1000 0000:00:08.0 enp0s8: renamed from eth1
[   12.291192] ioc0: LSI53C1030 A0: Capabilities={Initiator}
[   12.730245] scsi host2: ioc0: LSI53C1030 A0, FwRev=00000000h, Ports=1, MaxQ=256, IRQ=20
[   13.331660] scsi 2:0:0:0: Direct-Access     VBOX     HARDDISK         1.0  PQ: 0 ANSI: 5
[   13.366151] scsi target2:0:0: Beginning Domain Validation
[   13.401542] scsi target2:0:0: Domain Validation skipping write tests
[   13.402555] scsi target2:0:0: Ending Domain Validation
[   13.403505] scsi target2:0:0: asynchronous
[   13.416048] scsi 2:0:1:0: Direct-Access     VBOX     HARDDISK         1.0  PQ: 0 ANSI: 5
[   13.417639] scsi target2:0:1: Beginning Domain Validation
[   13.420971] scsi target2:0:1: Domain Validation skipping write tests
[   13.422014] scsi target2:0:1: Ending Domain Validation
[   13.423690] scsi target2:0:1: asynchronous
[   13.460997] scsi 2:0:15:0: Direct-Access     VBOX     HARDDISK         1.0  PQ: 0 ANSI: 5
[   13.479905] scsi target2:0:15: Beginning Domain Validation
[   13.496385] scsi target2:0:15: Domain Validation skipping write tests
[   13.497414] scsi target2:0:15: Ending Domain Validation
[   13.498315] scsi target2:0:15: asynchronous
[   13.500691] sd 2:0:0:0: Attached scsi generic sg0 type 0
[   13.539360] sd 2:0:0:0: [sda] 73400320 512-byte logical blocks: (37.6 GB/35.0 GiB)
[   13.542524] sd 2:0:0:0: [sda] Write Protect is off
[   13.542971] sd 2:0:1:0: [sdb] 20480 512-byte logical blocks: (10.5 MB/10.0 MiB)
[   13.543079] sd 2:0:1:0: [sdb] Write Protect is off
[   13.543155] sd 2:0:1:0: [sdb] Incomplete mode parameter data
[   13.543156] sd 2:0:1:0: [sdb] Assuming drive cache: write through
[   13.556643] sd 2:0:1:0: Attached scsi generic sg1 type 0
[   13.558131] sd 2:0:15:0: Attached scsi generic sg2 type 0
[   13.558517] sd 2:0:15:0: [sdc] 10240000 512-byte logical blocks: (5.24 GB/4.88 GiB)
[   13.558681] sd 2:0:15:0: [sdc] Write Protect is off
[   13.558872] sd 2:0:15:0: [sdc] Incomplete mode parameter data
[   13.558894] sd 2:0:15:0: [sdc] Assuming drive cache: write through
[   13.580750] sd 2:0:0:0: [sda] Incomplete mode parameter data
[   13.583744] sd 2:0:0:0: [sda] Assuming drive cache: write through
[   13.607347]  sda: sda1
[   13.622754] sd 2:0:0:0: [sda] Attached SCSI disk
[   13.627930]  sdc: sdc1
[   13.628545] sd 2:0:15:0: [sdc] Attached SCSI disk
[   13.644613] sd 2:0:1:0: [sdb] Attached SCSI disk
Begin: Loading e[   15.141470] md: linear personality registered for level -1
ssential drivers[   15.156799] md: multipath personality registered for level -4
 ... [   15.176161] md: raid0 personality registered for level 0
[   15.191300] md: raid1 personality registered for level 1
[   15.320442] raid6: sse2x1   gen()  8772 MB/s
[   15.404382] raid6: sse2x1   xor()  7192 MB/s
[   15.492178] raid6: sse2x2   gen() 12978 MB/s
[   15.636217] raid6: sse2x2   xor()  8464 MB/s
[   15.716724] raid6: sse2x4   gen() 11655 MB/s
[   15.856377] raid6: sse2x4   xor()  9631 MB/s
[   15.932436] raid6: avx2x1   gen() 19839 MB/s
[   16.040791] raid6: avx2x2   gen() 23781 MB/s
[   16.156983] raid6: avx2x4   gen() 25464 MB/s
[   16.182787] raid6: using algorithm avx2x4 gen() 25464 MB/s
[   16.183849] raid6: using avx2x2 recovery algorithm
[   16.198901] xor: automatically using best checksumming function:
[   16.263592]    avx       : 24874.000 MB/sec
[   16.322357] async_tx: api initialized (async)
[   16.351756] md: raid6 personality registered for level 6
[   16.355239] md: raid5 personality registered for level 5
[   16.458356] md: raid4 personality registered for level 4
[   16.533347] md: raid10 personality registered for level 10
done.
Begin: Running /scripts/init-p[   16.604654] Btrfs loaded
remount ... done.
Begin: Mounting root file system ... Begin: Running /scripts/local-top ... done.
Begin: Running /scripts/local-premount ... Scanning for Btrfs filesystems
done.
Warning: fsck not present, so skipping root file[   16.794605] EXT4-fs (sda1): mounted filesystem with ordered data mode. Opts: (null)
 system
done.
Begin: Running /scripts/local-bottom ... done.
Begin: Running /scripts/init-bottom ... [   16.917784] random: nonblocking pool is initialized
done.
[   18.291880] systemd[1]: systemd 229 running in system mode. (+PAM +AUDIT +SELINUX +IMA +APPARMOR +SMACK +SYSVINIT +UTMP +LIBCRYPTSETUP +GCRYPT +GNUTLS +ACL +XZ -LZ4 +SECCOMP +BLKID +ELFUTILS +KMOD -IDN)
[   18.352058] systemd[1]: Detected virtualization oracle.
[   18.390663] systemd[1]: Detected architecture x86-64.

Welcome to [1mUbuntu 16.04.6 LTS[0m!

[   18.461073] systemd[1]: Set hostname to <zhenc.test>.
[   19.772675] systemd[1]: Reached target System Time Synchronized.
[[0;32m  OK  [0m] Reached target System Time Synchronized.
[   19.969133] systemd[1]: Started Trigger resolvconf update for networkd DNS.
[[0;32m  OK  [0m] Started Trigger resolvconf update for networkd DNS.
[   20.217069] systemd[1]: Listening on udev Kernel Socket.
[[0;32m  OK  [0m] Listening on udev Kernel Socket.
[   20.392904] systemd[1]: Listening on LVM2 metadata daemon socket.
[[0;32m  OK  [0m] Listening on LVM2 metadata daemon socket.
[   20.528652] systemd[1]: Reached target Swap.
[[0;32m  OK  [0m] Reached target Swap.
[   20.537795] systemd[1]: Listening on Device-mapper event daemon FIFOs.
[[0;32m  OK  [0m] Listening on Device-mapper event daemon FIFOs.
[   20.547575] systemd[1]: Created slice User and Session Slice.
[[0;32m  OK  [0m] Created slice User and Session Slice.
[   20.563541] systemd[1]: Listening on Journal Socket.
[[0;32m  OK  [0m] Listening on Journal Socket.
[   20.581146] systemd[1]: Listening on Journal Audit Socket.
[[0;32m  OK  [0m] Listening on Journal Audit Socket.
[   20.583586] systemd[1]: Listening on Journal Socket (/dev/log).
[[0;32m  OK  [0m] Listening on Journal Socket (/dev/log).
[   20.586115] systemd[1]: Created slice System Slice.
[[0;32m  OK  [0m] Created slice System Slice.
[   20.640664] systemd[1]: Starting Load Kernel Modules...
         Starting Load Kernel Modules...
[   20.712777] systemd[1]: Mounting Debug File System...
         Mounting Debug File System...
[   20.788233] systemd[1]: Starting Monitoring of LVM2 mirrors, snapshots etc. using dmeventd or progress polling...
         Startin[   20.908762] Loading iSCSI transport class v2.0-870.
g Monitoring of LVM2 mirrors... dmeventd or progress polling...
[   21.055979] systemd[1]: Created slice system-serial\x2dgetty.slice.
[[0;32m  OK  [[   21.077820] iscsi: registered transport (tcp)
0m] Created slice system-serial\x2dgetty.slice.
[   21.148244] systemd[1]: Starting Create list of required static device nodes for the current kernel...
         Startin[   21.194212] iscsi: registered transport (iser)
g Create list of required st... nodes for the current kernel...
[   21.296642] systemd[1]: Starting Nameserver information manager...
         Starting Nameserver information manager...
[   21.434847] systemd[1]: Starting Set console keymap...
         Starting Set console keymap...
[   21.457456] systemd[1]: Reached target User and Group Name Lookups.
[[0;32m  OK  [0m] Reached target User and Group Name Lookups.
[   21.461197] systemd[1]: Listening on Syslog Socket.
[[0;32m  OK  [0m] Listening on Syslog Socket.
[   21.492265] systemd[1]: Starting Remount Root and Kernel File Systems...
         Starting Remount Root and Kernel File Systems...
[   21.495026] systemd[1]: Set up automount Arbitrary Executable File Formats File System Automount Point.
[[0;32m  OK  [0m] Set up automount Arbitrary Executab...ats File System Automount Point.
[   21.517417] EXT4-fs (sda1): re-mounted. Opts: (null)
[   21.549371] systemd[1]: Listening on udev Control Socket.
[[0;32m  OK  [0m] Listening on udev Control Socket.
[   21.604543] systemd[1]: Reached target Slices.
[[0;32m  OK  [0m] Reached target Slices.
[   21.608393] systemd[1]: Listening on LVM2 poll daemon socket.
[[0;32m  OK  [0m] Listening on LVM2 poll daemon socket.
[   21.652374] systemd[1]: Starting Uncomplicated firewall...
         Starting Uncomplicated firewall...
[   21.720274] systemd[1]: Mounting POSIX Message Queue File System...
         Mounting POSIX Message Queue File System...
[   21.760278] systemd[1]: Mounting Huge Pages File System...
         Mounting Huge Pages File System...
[   21.857199] systemd[1]: Starting Journal Service...
         Starting Journal Service...
[   21.900870] systemd[1]: Reached target Encrypted Volumes.
[[0;32m  OK  [0m] Reached target Encrypted Volumes.
[   22.041543] systemd[1]: Started Forward Password Requests to Wall Directory Watch.
[[0;32m  OK  [0m] Started Forward Password Requests to Wall Directory Watch.
[   22.301278] systemd[1]: Listening on /dev/initctl Compatibility Named Pipe.
[[0;32m  OK  [0m] Listening on /dev/initctl Compatibility Named Pipe.
[   22.401763] systemd[1]: Mounted Huge Pages File System.
[[0;32m  OK  [0m] Mounted Huge Pages File System.
[   22.508335] systemd[1]: Mounted POSIX Message Queue File System.
[[0;32m  OK  [0m] Mounted POSIX Message Queue File System.
[   22.657005] systemd[1]: Mounted Debug File System.
[[0;32m  OK  [0m] Mounted Debug File System.
[   22.740408] systemd[1]: Started Journal Service.
[[0;32m  OK  [0m] Started Journal Service.
[[0;32m  OK  [0m] Started Load Kernel Modules.
[[0;32m  OK  [0m] Started Create list of required sta...ce nodes for the current kernel.
[[0;32m  OK  [0m] Started Set console keymap.
[[0;32m  OK  [0m] Started Remount Root and Kernel File Systems.
[[0;32m  OK  [0m] Started Uncomplicated firewall.
[[0;32m  OK  [0m] Started Nameserver information manager.
[[0;32m  OK  [0m] Started LVM2 metadata daemon.
         Starting Load/Save Random Seed...
         Starting udev Coldplug all Devices...
         Starting Create Static Device Nodes in /dev...
         Mounting FUSE Control File System...
         Starting Apply Kernel Variables...
         Starting Flush Journal to Persistent Storage...
[[0;32m  OK  [0m] Mounted FUSE Control File System.
[[0;32m  OK  [0m] Started Load/Save Random Seed.
[[0;32m  OK  [0m] Started Monitoring of LVM2 mirrors,...ng dmeventd or progress polling.
[[0;32m  OK  [0m] Started Create Static Device Nodes in /dev.
[[0;32m  OK  [0m] Started Apply Kernel Variables.
[[0;32m  OK  [0m] Started udev Coldplug all Devices.
         Starting udev Kernel Device Manager...
[[0;32m  OK  [0m] Reached target Local File Systems (Pre).
[[0;32m  OK  [0m] Started Flush Journal to Persistent Storage.
[[0;32m  OK  [0m] Started udev Kernel Device Manager.
[[0;32m  OK  [0m] Started Dispatch Password Requests to Console Directory Watch.
[[0;32m  OK  [0m] Found device /dev/ttyS0.
[[0;32m  OK  [0m] Listening on Load/Save RF Kill Switch Status /dev/rfkill Watch.
[[0;32m  OK  [0m] Found device 82540EM Gigabit Ethern...r (PRO/1000 MT Desktop Adapter).
[[0;32m  OK  [0m] Found device 82540EM Gigabit Ethern...r (PRO/1000 MT Desktop Adapter).
[[0;32m  OK  [0m] Found device /dev/diskhomegroup/diskhome.
         Mounting /home...
[[0;32m  OK  [0m] Mounted /home.
[[0;32m  OK  [0m] Reached target Local File Systems.
         Starting Initial cloud-init job (pre-networking)...
         Starting Set console font and keymap...
         Starting Tell Plymouth To Write Out Runtime Data...
         Starting LSB: AppArmor initialization...
         Starting Create Volatile Files and Directories...
[[0;32m  OK  [0m] Started Tell Plymouth To Write Out Runtime Data.
[[0;32m  OK  [0m] Started Set console font and keymap.
[[0;32m  OK  [0m] Created slice system-getty.slice.
[[0;32m  OK  [0m] Started Create Volatile Files and Directories.
         Starting Update UTMP about System Boot/Shutdown...
[[0;32m  OK  [0m] Started Update UTMP about System Boot/Shutdown.
[[0;32m  OK  [0m] Started LSB: AppArmor initialization.
[   25.076554] cloud-init[691]: Traceback (most recent call last):
[[0;1;31mFAILED[0m] Failed to start Initial cloud-init job (pre-networking).
See 'systemctl status cloud-init-local.service' for details.
[[0;32m  OK  [0m] Reached target Network (Pre).
[   25.165487] cloud-init[691]:   File "/usr/bin/cloud-init", line 9, in <module>
[   25.420898] [cloud-init[0;32m  OK  [0m[691]:     load_entry_point('cloud-init==18.4', 'console_scripts', 'cloud-init')()
] Started ifup for enp0s3.
[   25.421614] cloud-init[691]:   File "/usr/local/lib/python3.7/dist-packages/pkg_resources/__init__.py", line 489, in load_entry_point
[   25.668795]          cloud-initStarting Raise network interfaces...[691]: 
    return get_distribution(dist).load_entry_point(group, name)
[   25.697907] [[0;32m  OK  [0m] Started ifup for enp0s8.
cloud-init[691]:   File "/usr/local/lib/python3.7/dist-packages/pkg_resources/__init__.py", line 2793, in load_entry_point
[   25.702498] cloud-init[691]:     return ep.load()
[   25.736825] cloud-init[691]:   File "/usr/local/lib/python3.7/dist-packages/pkg_resources/__init__.py", line 2411, in load
[   25.755058] cloud-init[691]:     return self.resolve()
[   25.768347] cloud-init[691]:   File "/usr/local/lib/python3.7/dist-packages/pkg_resources/__init__.py", line 2417, in resolve
[   25.772322] cloud-init[691]:     module = __import__(self.module_name, fromlist=['__name__'], level=0)
[   25.779615] cloud-init[691]:   File "/usr/lib/python3/dist-packages/cloudinit/cmd/main.py", line 29, in <module>
[   25.798316] cloud-init[691]:     from cloudinit import stages
[   25.800612] cloud-init[691]:   File "/usr/lib/python3/dist-packages/cloudinit/stages.py", line 21, in <module>
[   25.802936] cloud-init[691]:     from cloudinit.handlers.cloud_config import CloudConfigPartHandler
[   25.816502] cloud-init[691]:   File "/usr/lib/python3/dist-packages/cloudinit/handlers/cloud_config.py", line 11, in <module>
[   25.819924] cloud-init[691]:     import jsonpatch
[   25.832047] cloud-init[691]:   File "/usr/lib/python3/dist-packages/jsonpatch.py", line 114, in <module>
[   25.855303] cloud-init[691]:     json.load = get_loadjson()
[   25.856629] cloud-init[691]:   File "/usr/lib/python3/dist-packages/jsonpatch.py", line 108, in get_loadjson
[   25.858501] cloud-init[691]:     argspec = inspect.getargspec(json.load)
[   25.860349] cloud-init[691]:   File "/usr/lib/python3.7/inspect.py", line 1082, in getargspec
[   25.861852] cloud-init[691]:     raise ValueError("Function has keyword-only parameters or annotations"
[   25.863460] cloud-init[691]: ValueError: Function has keyword-only parameters or annotations, use getfullargspec() API which can support them
[[0;32m  OK  [0m] Started Raise network interfaces.
[[0;32m  OK  [0m] Reached target Network.
         Starting Initial cloud-init job (metadata service crawler)...
[   26.234154] cloud-init[1132]: Traceback (most recent call last):
[   26.265584] [cloud-init[0;1;31mFAILED[0m[1132]: ]   File "/usr/bin/cloud-init", line 9, in <module>Failed to start Initial cloud-init job (metadata service crawler).

See 'systemctl status cloud-init.service' for details.[   26.266097] cloud-init[1132]:     load_entry_point('cloud-init==18.4', 'console_scripts', 'cloud-init')()

[   26.308590] cloud-init[1132]: [[0;32m  OK  [0m] Reached target Cloud-config availability.
  File "/usr/local/lib/python3.7/dist-packages/pkg_resources/__init__.py", line 489, in load_entry_point[[0;32m  OK  [0m] Reached target System Initialization.

[   26.492029]          cloud-initStarting LXD - unix socket.[1132]: 
    return get_distribution(dist).load_entry_point(group, name)
[   26.692704] [[0;32m  OK  [0m] Listening on D-Bus System Message Bus Socket.
cloud-init[[0;32m  OK  [0m] Listening on ACPID Listen Socket.
[1132]:   File "/usr/local/lib/python3.7/dist-packages/pkg_resources/__init__.py", line 2793, in load_entry_point
[   26.812841] [[0;32m  OK  [0m] Started Daily Cleanup of Temporary Directories.
cloud-init[1132]:     return ep.load()
[   26.846506] cloud-init[1132]:   File "/usr/local/lib/python3.7/dist-packages/pkg_resources/__init__.py", line 2411, in load
[   26.888848] [[0;32m  OK  [0m] Started ACPI Events Check.
cloud-init[[0;32m  OK  [0m] Reached target Paths.
[1132]:     return self.resolve()
[   27.028387] [[0;32m  OK  [0m] Listening on UUID daemon activation socket.
cloud-init[1132]:   File "/usr/local/lib/python3.7/dist-packages/pkg_resources/__init__.py", line 2417, in resolve
[   27.035200] cloud-init[1132]:     module = __import__(self.module_name, fromlist=['__name__'], level=0)
[   27.037144] cloud-init[1132]:   File "/usr/lib/python3/dist-packages/cloudinit/cmd/main.py", line 29, in <module>
[   27.039280] cloud-init[1132]:     from cloudinit import stages
[   27.079208] [[0;32m  OK  [0m] Started Daily apt download activities.
cloud-init[[0;32m  OK  [0m] Started Daily apt upgrade and clean activities.
[1132]:   File "/usr/lib/python3/dist-packages/cloudinit/stages.py", line 21, in <module>
[   27.232404] [cloud-init[0;32m  OK  [0m[1132]: ]     from cloudinit.handlers.cloud_config import CloudConfigPartHandlerReached target Timers.

[   27.275588]          Starting Socket activation for snappy daemon.
cloud-init[[0;32m  OK  [0m] Reached target Network is Online.
[1132]:   File "/usr/lib/python3/dist-packages/cloudinit/handlers/cloud_config.py", line 11, in <module>
[   27.278391] cloud-init[1132]:     import jsonpatch
[   27.279567] cloud-init[1132]:   File "/usr/lib/python3/dist-packages/jsonpatch.py", line 114, in <module>
[   27.281177] cloud-init[1132]:     json.load = get_loadjson()
[   27.282406] cloud-init[1132]:   File "/usr/lib/python3/dist-packages/jsonpatch.py", line 108, in get_loadjson
[   27.371093]          cloud-initStarting iSCSI initiator daemon (iscsid)...[1132]: 
    argspec = inspect.getargspec(json.load)
[   27.490432] [[0;32m  OK  [0m] Listening on LXD - unix socket.
cloud-init[[0;32m  OK  [0m] Listening on Socket activation for snappy daemon.
[1132]:   File "/usr/lib/python3.7/inspect.py", line 1082, in getargspec
[   27.596278] [cloud-init[0;32m  OK  [0m[1132]: ]     raise ValueError("Function has keyword-only parameters or annotations"Reached target Sockets.

[   27.718315] [[0;32m  OK  [0m] Reached target Basic System.
cloud-init[1132]: ValueError: Function has keyword-only parameters or annotations, use getfullargspec() API which can support them
         Starting Accounts Service...
         Starting /etc/rc.local Compatibility...
[[0;32m  OK  [0m] Started Deferred execution scheduler.
         Starting LSB: MD monitoring daemon...
         Starting System Logging Service...
         Starting Snappy daemon...
         Starting OpenBSD Secure Shell server...
[[0;32m  OK  [0m] Started Regular background program processing daemon.
         Starting LXD - container startup/shutdown...
[[0;32m  OK  [0m] Started ACPI event daemon.
[[0;32m  OK  [0m] Started Unattended Upgrades Shutdown.
         Starting Login Service...
[[0;32m  OK  [0m] Started BIND Domain Name Server.
[[0;32m  OK  [0m] Reached target Host and Network Name Lookups.
[[0;32m  OK  [0m] Started D-Bus System Message Bus.
[[0;32m  OK  [0m] Started FUSE filesystem for LXC.
         Starting Virtualbox guest utils...
         Starting LSB: Record successful boot for GRUB...
[[0;32m  OK  [0m] Started System Logging Service.
[[0;32m  OK  [0m] Started /etc/rc.local Compatibility.
[[0;32m  OK  [0m] Started OpenBSD Secure Shell server.
[[0;32m  OK  [0m] Started Login Service.
[[0;32m  OK  [0m] Started iSCSI initiator daemon (iscsid).
         Starting Login to default iSCSI targets...
[[0;32m  OK  [0m] Started LSB: Record successful boot for GRUB.
[[0;32m  OK  [0m] Started Login to default iSCSI targets.
[[0;32m  OK  [0m] Reached target Remote File Systems (Pre).
[[0;32m  OK  [0m] Reached target Remote File Systems.
         Starting LSB: Set the CPU Frequency Scaling governor to "ondemand"...
         Starting LSB: Controls chronyd NTP time daemon...
         Starting LSB: daemon to balance interrupts for SMP systems...
         Starting Permit User Sessions...
         Starting LSB: automatic crash report generation...
[[0;32m  OK  [0m] Started LSB: Set the CPU Frequency Scaling governor to "ondemand".
[[0;32m  OK  [0m] Started Permit User Sessions.
         Starting Hold until boot process finishes up...
         Starting Terminate Plymouth Boot Screen...
[[0;32m  OK  [0m] Started Hold until boot process finishes up.
[[0;32m  OK  [0m] Started LSB: daemon to balance interrupts for SMP systems.
[[0;32m  OK  [0m] Started Terminate Plymouth Boot Screen.
         Starting Authenticate and Authorize Users to Run Privileged Tasks...
[[0;32m  OK  [0m] Started Serial Getty on ttyS0.
[[0;32m  OK  [0m] Started Getty on tty1.
[[0;32m  OK  [0m] Reached target Login Prompts.
         Starting Set console scheme...
[[0;32m  OK  [0m] Started LSB: automatic crash report generation.
[[0;32m  OK  [0m] Started Set console scheme.
[[0;32m  OK  [0m] Started LSB: MD monitoring daemon.
[[0;32m  OK  [0m] Started Authenticate and Authorize Users to Run Privileged Tasks.
[[0;32m  OK  [0m] Started Accounts Service.
[[0;32m  OK  [0m] Started Snappy daemon.
         Starting Wait until snapd is fully seeded...
[[0;32m  OK  [0m] Started Virtualbox guest utils.
[[0;32m  OK  [0m] Started Wait until snapd is fully seeded.
         Starting Apply the settings specified in cloud-config...
[[0;32m  OK  [0m] Created slice User Slice of vagrant.
[[0;32m  OK  [0m] Started LXD - container startup/shutdown.
         Starting User Manager for UID 1000...
[[0;32m  OK  [0m] Started Session 1 of user vagrant.
[[0;32m  OK  [0m] Started User Manager for UID 1000.
[   33.332808] cloud-init[1354]: Traceback (most recent call last):
[   33.348049] cloud-init[1354]:   File "/usr/bin/cloud-init", line 9, in <module>
[   33.399930] cloud-init[1354]:     load_entry_point('cloud-init==18.4', 'console_scripts', 'cloud-init')()
[[0;1;31mFAILED[0m] Failed to start Apply the settings specified in cloud-config.
[   33.400864] See 'systemctl status cloud-config.service' for details.
cloud-init[1354]:   File "/usr/local/lib/python3.7/dist-packages/pkg_resources/__init__.py", line 489, in load_entry_point
[   33.527147] cloud-init[1354]:     return get_distribution(dist).load_entry_point(group, name)
[   33.580756] cloud-init[1354]:   File "/usr/local/lib/python3.7/dist-packages/pkg_resources/__init__.py", line 2793, in load_entry_point
[   33.630345] cloud-init[1354]:     return ep.load()
[   33.631980] cloud-init[1354]:   File "/usr/local/lib/python3.7/dist-packages/pkg_resources/__init__.py", line 2411, in load
[   33.634941] cloud-init[1354]:     return self.resolve()
[   33.636482] cloud-init[1354]:   File "/usr/local/lib/python3.7/dist-packages/pkg_resources/__init__.py", line 2417, in resolve
[   33.639252] cloud-init[1354]:     module = __import__(self.module_name, fromlist=['__name__'], level=0)
[   33.640945] cloud-init[1354]:   File "/usr/lib/python3/dist-packages/cloudinit/cmd/main.py", line 29, in <module>
[   33.642608] cloud-init[1354]:     from cloudinit import stages
[   33.649117] cloud-init[1354]:   File "/usr/lib/python3/dist-packages/cloudinit/stages.py", line 21, in <module>
[   33.704963] cloud-init[1354]:     from cloudinit.handlers.cloud_config import CloudConfigPartHandler
[   33.749486] cloud-init[1354]:   File "/usr/lib/python3/dist-packages/cloudinit/handlers/cloud_config.py", line 11, in <module>
[   33.817973] cloud-init[1354]:     import jsonpatch
[   33.840973] cloud-init[1354]:   File "/usr/lib/python3/dist-packages/jsonpatch.py", line 114, in <module>
[   33.843804] cloud-init[1354]:     json.load = get_loadjson()
[   33.858499] cloud-init[1354]:   File "/usr/lib/python3/dist-packages/jsonpatch.py", line 108, in get_loadjson
[   33.940258] cloud-init[1354]:     argspec = inspect.getargspec(json.load)
[   33.960277] cloud-init[1354]:   File "/usr/lib/python3.7/inspect.py", line 1082, in getargspec
[   34.004323] cloud-init[1354]:     raise ValueError("Function has keyword-only parameters or annotations"
[   34.097080] cloud-init[1354]: ValueError: Function has keyword-only parameters or annotations, use getfullargspec() API which can support them
[[0;32m  OK  [0m] Started LSB: Controls chronyd NTP time daemon.
[[0;32m  OK  [0m] Reached target Multi-User System.
         Starting Execute cloud user/final scripts...
[[0;32m  OK  [0m] Reached target Graphical Interface.
         Starting Update UTMP about System Runlevel Changes...
[[0;32m  OK  [0m] Started Update UTMP about System Runlevel Changes.
[   34.968297] cloud-init[1435]: Traceback (most recent call last):
[   34.992743] cloud-init[1435]:   File "/usr/bin/cloud-init", line 9, in <module>
[[0;1;31mFAILED[0m] Failed to start Execute cloud user/final scripts.
See 'systemctl status cloud-final.service' for details.
[[0;32m  OK  [0m] Reached target Cloud-init target.
[   35.103749] cloud-init[1435]:     load_entry_point('cloud-init==18.4', 'console_scripts', 'cloud-init')()
[   35.527092] cloud-init[1435]:   File "/usr/local/lib/python3.7/dist-packages/pkg_resources/__init__.py", line 489, in load_entry_point         Starting Daily apt download activities...

[   35.529793] cloud-init[1435]:     return get_distribution(dist).load_entry_point(group, name)
[   35.543640] cloud-init[1435]:   File "/usr/local/lib/python3.7/dist-packages/pkg_resources/__init__.py", line 2793, in load_entry_point
[   35.567884] cloud-init[1435]:     return ep.load()
[   35.569430] cloud-init[1435]:   File "/usr/local/lib/python3.7/dist-packages/pkg_resources/__init__.py", line 2411, in load
[   35.571814] cloud-init[1435]:     return self.resolve()
[   35.573492] cloud-init[1435]:   File "/usr/local/lib/python3.7/dist-packages/pkg_resources/__init__.py", line 2417, in resolve
[   35.575623] cloud-init[1435]:     module = __import__(self.module_name, fromlist=['__name__'], level=0)
[   35.577374] cloud-init[1435]:   File "/usr/lib/python3/dist-packages/cloudinit/cmd/main.py", line 29, in <module>
[   35.579174] cloud-init[1435]:     from cloudinit import stages
[   35.580602] cloud-init[1435]:   File "/usr/lib/python3/dist-packages/cloudinit/stages.py", line 21, in <module>
[   35.583976] cloud-init[1435]:     from cloudinit.handlers.cloud_config import CloudConfigPartHandler
[   35.585970] cloud-init[1435]:   File "/usr/lib/python3/dist-packages/cloudinit/handlers/cloud_config.py", line 11, in <module>
[   35.606207] cloud-init[1435]:     import jsonpatch
[   35.608007] cloud-init[1435]:   File "/usr/lib/python3/dist-packages/jsonpatch.py", line 114, in <module>
[   35.610287] cloud-init[1435]:     json.load = get_loadjson()
[   35.612322] cloud-init[1435]:   File "/usr/lib/python3/dist-packages/jsonpatch.py", line 108, in get_loadjson
[   35.625605] cloud-init[1435]:     argspec = inspect.getargspec(json.load)
[   35.627760] cloud-init[1435]:   File "/usr/lib/python3.7/inspect.py", line 1082, in getargspec
[   35.630167] cloud-init[1435]:     raise ValueError("Function has keyword-only parameters or annotations"
[   35.632265] cloud-init[1435]: ValueError: Function has keyword-only parameters or annotations, use getfullargspec() API which can support them

Ubuntu 16.04.6 LTS zhenc.test ttyS0

zhenc login: 