[    0.000000] Initializing cgroup subsys cpuset
[    0.000000] Initializing cgroup subsys cpu
[    0.000000] Initializing cgroup subsys cpuacct
[    0.000000] Linux version 4.4.0-189-generic (buildd@lgw01-amd64-047) (gcc version 5.4.0 20160609 (Ubuntu 5.4.0-6ubuntu1~16.04.12) ) #219-Ubuntu SMP Tue Aug 11 12:26:50 UTC 2020 (Ubuntu 4.4.0-189.219-generic 4.4.232)
[    0.000000] Command line: BOOT_IMAGE=/boot/vmlinuz-4.4.0-189-generic root=UUID=2f6cd4cf-873c-406f-b7d5-d9ea95f64e24 ro console=tty1 console=ttyS0
[    0.000000] KERNEL supported cpus:
[    0.000000]   Intel GenuineIntel
[    0.000000]   AMD AuthenticAMD
[    0.000000]   Centaur CentaurHauls
[    0.000000] x86/fpu: xstate_offset[2]:  576, xstate_sizes[2]:  256
[    0.000000] x86/fpu: Supporting XSAVE feature 0x01: 'x87 floating point registers'
[    0.000000] x86/fpu: Supporting XSAVE feature 0x02: 'SSE registers'
[    0.000000] x86/fpu: Supporting XSAVE feature 0x04: 'AVX registers'
[    0.000000] x86/fpu: Enabled xstate features 0x7, context size is 832 bytes, using 'standard' format.
[    0.000000] e820: BIOS-provided physical RAM map:
[    0.000000] BIOS-e820: [mem 0x0000000000000000-0x000000000009fbff] usable
[    0.000000] BIOS-e820: [mem 0x000000000009fc00-0x000000000009ffff] reserved
[    0.000000] BIOS-e820: [mem 0x00000000000f0000-0x00000000000fffff] reserved
[    0.000000] BIOS-e820: [mem 0x0000000000100000-0x000000009e7effff] usable
[    0.000000] BIOS-e820: [mem 0x000000009e7f0000-0x000000009e7fffff] ACPI data
[    0.000000] BIOS-e820: [mem 0x00000000fec00000-0x00000000fec00fff] reserved
[    0.000000] BIOS-e820: [mem 0x00000000fee00000-0x00000000fee00fff] reserved
[    0.000000] BIOS-e820: [mem 0x00000000fffc0000-0x00000000ffffffff] reserved
[    0.000000] NX (Execute Disable) protection: active
[    0.000000] SMBIOS 2.5 present.
[    0.000000] Hypervisor detected: KVM
[    0.000000] e820: last_pfn = 0x9e7f0 max_arch_pfn = 0x400000000
[    0.000000] MTRR: Disabled
[    0.000000] x86/PAT: MTRRs disabled, skipping PAT initialization too.
[    0.000000] CPU MTRRs all blank - virtualized system.
[    0.000000] x86/PAT: Configuration [0-7]: WB  WT  UC- UC  WB  WT  UC- UC  
[    0.000000] found SMP MP-table at [mem 0x0009fff0-0x0009ffff] mapped at [ffff88000009fff0]
[    0.000000] Scanning 1 areas for low memory corruption
[    0.000000] RAMDISK: [mem 0x361c6000-0x370dafff]
[    0.000000] ACPI: Early table checksum verification disabled
[    0.000000] ACPI: RSDP 0x00000000000E0000 000024 (v02 VBOX  )
[    0.000000] ACPI: XSDT 0x000000009E7F0030 00003C (v01 VBOX   VBOXXSDT 00000001 ASL  00000061)
[    0.000000] ACPI: FACP 0x000000009E7F00F0 0000F4 (v04 VBOX   VBOXFACP 00000001 ASL  00000061)
[    0.000000] ACPI: DSDT 0x000000009E7F0470 0022EA (v02 VBOX   VBOXBIOS 00000002 INTL 20100528)
[    0.000000] ACPI: FACS 0x000000009E7F0200 000040
[    0.000000] ACPI: FACS 0x000000009E7F0200 000040
[    0.000000] ACPI: APIC 0x000000009E7F0240 00005C (v02 VBOX   VBOXAPIC 00000001 ASL  00000061)
[    0.000000] ACPI: SSDT 0x000000009E7F02A0 0001CC (v01 VBOX   VBOXCPUT 00000002 INTL 20100528)
[    0.000000] No NUMA configuration found
[    0.000000] Faking a node at [mem 0x0000000000000000-0x000000009e7effff]
[    0.000000] NODE_DATA(0) allocated [mem 0x9e7eb000-0x9e7effff]
[    0.000000] kvm-clock: Using msrs 4b564d01 and 4b564d00
[    0.000000] kvm-clock: cpu 0, msr 0:9e7e3001, primary cpu clock
[    0.000000] kvm-clock: using sched offset of 3855015990 cycles
[    0.000000] clocksource: kvm-clock: mask: 0xffffffffffffffff max_cycles: 0x1cd42e4dffb, max_idle_ns: 881590591483 ns
[    0.000000] Zone ranges:
[    0.000000]   DMA      [mem 0x0000000000001000-0x0000000000ffffff]
[    0.000000]   DMA32    [mem 0x0000000001000000-0x000000009e7effff]
[    0.000000]   Normal   empty
[    0.000000]   Device   empty
[    0.000000] Movable zone start for each node
[    0.000000] Early memory node ranges
[    0.000000]   node   0: [mem 0x0000000000001000-0x000000000009efff]
[    0.000000]   node   0: [mem 0x0000000000100000-0x000000009e7effff]
[    0.000000] Initmem setup node 0 [mem 0x0000000000001000-0x000000009e7effff]
[    0.000000] ACPI: PM-Timer IO Port: 0x4008
[    0.000000] IOAPIC[0]: apic_id 2, version 32, address 0xfec00000, GSI 0-23
[    0.000000] ACPI: INT_SRC_OVR (bus 0 bus_irq 0 global_irq 2 dfl dfl)
[    0.000000] ACPI: INT_SRC_OVR (bus 0 bus_irq 9 global_irq 9 low level)
[    0.000000] Using ACPI (MADT) for SMP configuration information
[    0.000000] smpboot: Allowing 2 CPUs, 0 hotplug CPUs
[    0.000000] PM: Registered nosave memory: [mem 0x00000000-0x00000fff]
[    0.000000] PM: Registered nosave memory: [mem 0x0009f000-0x0009ffff]
[    0.000000] PM: Registered nosave memory: [mem 0x000a0000-0x000effff]
[    0.000000] PM: Registered nosave memory: [mem 0x000f0000-0x000fffff]
[    0.000000] e820: [mem 0x9e800000-0xfebfffff] available for PCI devices
[    0.000000] Booting paravirtualized kernel on KVM
[    0.000000] clocksource: refined-jiffies: mask: 0xffffffff max_cycles: 0xffffffff, max_idle_ns: 7645519600211568 ns
[    0.000000] setup_percpu: NR_CPUS:512 nr_cpumask_bits:512 nr_cpu_ids:2 nr_node_ids:1
[    0.000000] PERCPU: Embedded 33 pages/cpu @ffff88009e400000 s95512 r8192 d31464 u1048576
[    0.000000] Built 1 zonelists in Node order, mobility grouping on.  Total pages: 638936
[    0.000000] Policy zone: DMA32
[    0.000000] Kernel command line: BOOT_IMAGE=/boot/vmlinuz-4.4.0-189-generic root=UUID=2f6cd4cf-873c-406f-b7d5-d9ea95f64e24 ro console=tty1 console=ttyS0
[    0.000000] PID hash table entries: 4096 (order: 3, 32768 bytes)
[    0.000000] Memory: 2520812K/2596408K available (8636K kernel code, 1337K rwdata, 4040K rodata, 1492K init, 1296K bss, 75596K reserved, 0K cma-reserved)
[    0.000000] SLUB: HWalign=64, Order=0-3, MinObjects=0, CPUs=2, Nodes=1
[    0.000000] Kernel/User page tables isolation: enabled
[    0.000000] Hierarchical RCU implementation.
[    0.000000] 	Build-time adjustment of leaf fanout to 64.
[    0.000000] 	RCU restricting CPUs from NR_CPUS=512 to nr_cpu_ids=2.
[    0.000000] RCU: Adjusting geometry for rcu_fanout_leaf=64, nr_cpu_ids=2
[    0.000000] NR_IRQS:33024 nr_irqs:440 16
[    0.000000] Console: colour VGA+ 80x25
[    0.000000] console [tty1] enabled
[    0.000000] console [ttyS0] enabled
[    0.000000] tsc: Detected 2808.000 MHz processor
[    0.159186] Calibrating delay loop (skipped) preset value.. 5616.00 BogoMIPS (lpj=11232000)
[    0.161066] pid_max: default: 32768 minimum: 301
[    0.162157] ACPI: Core revision 20150930
[    0.163876] ACPI: 2 ACPI AML tables successfully acquired and loaded
[    0.165026] Security Framework initialized
[    0.165781] Yama: becoming mindful.
[    0.166438] AppArmor: AppArmor initialized
[    0.168254] Dentry cache hash table entries: 524288 (order: 10, 4194304 bytes)
[    0.172645] Inode-cache hash table entries: 262144 (order: 9, 2097152 bytes)
[    0.173948] Mount-cache hash table entries: 8192 (order: 4, 65536 bytes)
[    0.175159] Mountpoint-cache hash table entries: 8192 (order: 4, 65536 bytes)
[    0.179071] Initializing cgroup subsys io
[    0.180126] Initializing cgroup subsys memory
[    0.180895] Initializing cgroup subsys devices
[    0.181647] Initializing cgroup subsys freezer
[    0.182430] Initializing cgroup subsys net_cls
[    0.183194] Initializing cgroup subsys perf_event
[    0.183983] Initializing cgroup subsys net_prio
[    0.184740] Initializing cgroup subsys hugetlb
[    0.185488] Initializing cgroup subsys pids
[    0.187673] mce: CPU supports 0 MCE banks
[    0.188683] Last level iTLB entries: 4KB 64, 2MB 8, 4MB 8
[    0.189727] Last level dTLB entries: 4KB 64, 2MB 0, 4MB 0, 1GB 4
[    0.190859] Spectre V1 : Mitigation: usercopy/swapgs barriers and __user pointer sanitization
[    0.192528] Spectre V2 : Mitigation: Full generic retpoline
[    0.194451] Spectre V2 : Spectre v2 / SpectreRSB mitigation: Filling RSB on context switch
[    0.196767] Speculative Store Bypass: Vulnerable
[    0.198435] SRBDS: Unknown: Dependent on hypervisor status
[    0.199555] MDS: Mitigation: Clear CPU buffers
[    0.203100] Freeing SMP alternatives memory: 36K
[    0.210092] ftrace: allocating 32336 entries in 127 pages
[    0.272863] smpboot: APIC(0) Converting physical 0 to logical package 0
[    0.274425] smpboot: Max logical packages: 1
[    0.275359] x2apic enabled
[    0.276128] Switched APIC routing to physical x2apic.
[    0.278938] ..TIMER: vector=0x30 apic1=0 pin1=2 apic2=-1 pin2=-1
[    0.388484] smpboot: CPU0: Intel(R) Core(TM) i7-7700HQ CPU @ 2.80GHz (family: 0x6, model: 0x9e, stepping: 0x9)
[    0.390794] Performance Events: unsupported p6 CPU model 158 no PMU driver, software events only.
[    0.402948] KVM setup paravirtual spinlock
[    0.404586] x86: Booting SMP configuration:
[    0.405411] .... node  #0, CPUs:      #1
[    0.406488] kvm-clock: cpu 1, msr 0:9e7e3041, secondary cpu clock
[    0.409245] mce: CPU supports 0 MCE banks
[    0.412309] x86: Booted up 1 node, 2 CPUs
[    0.414573] smpboot: Total of 2 processors activated (11232.00 BogoMIPS)
[    0.416552] devtmpfs: initialized
[    0.418876] evm: security.selinux
[    0.419568] evm: security.SMACK64
[    0.420552] evm: security.SMACK64EXEC
[    0.421498] evm: security.SMACK64TRANSMUTE
[    0.422418] evm: security.SMACK64MMAP
[    0.423168] evm: security.ima
[    0.423845] evm: security.capability
[    0.425164] clocksource: jiffies: mask: 0xffffffff max_cycles: 0xffffffff, max_idle_ns: 7645041785100000 ns
[    0.428045] futex hash table entries: 512 (order: 3, 32768 bytes)
[    0.430310] pinctrl core: initialized pinctrl subsystem
[    0.431787] RTC time: 16:02:04, date: 09/19/20
[    0.433943] NET: Registered protocol family 16
[    0.445517] cpuidle: using governor ladder
[    0.458188] cpuidle: using governor menu
[    0.459067] PCCT header not found.
[    0.460594] ACPI: bus type PCI registered
[    0.462499] acpiphp: ACPI Hot Plug PCI Controller Driver version: 0.5
[    0.464467] PCI: Using configuration type 1 for base access
[    0.482173] ACPI: Added _OSI(Module Device)
[    0.483043] ACPI: Added _OSI(Processor Device)
[    0.484101] ACPI: Added _OSI(3.0 _SCP Extensions)
[    0.485084] ACPI: Added _OSI(Processor Aggregator Device)
[    0.487302] ACPI: Executed 1 blocks of module-level executable AML code
[    0.490878] ACPI: Interpreter enabled
[    0.491572] ACPI: (supports S0 S5)
[    0.492231] ACPI: Using IOAPIC for interrupt routing
[    0.494459] PCI: Using host bridge windows from ACPI; if necessary, use "pci=nocrs" and report a bug
[    0.500679] ACPI: PCI Root Bridge [PCI0] (domain 0000 [bus 00-ff])
[    0.501666] acpi PNP0A03:00: _OSC: OS supports [ASPM ClockPM Segments MSI]
[    0.503259] acpi PNP0A03:00: _OSC: not requesting OS control; OS requires [ExtendedConfig ASPM ClockPM MSI]
[    0.505209] acpi PNP0A03:00: fail to add MMCONFIG information, can't access extended PCI configuration space under this bridge.
[    0.508130] PCI host bridge to bus 0000:00
[    0.508853] pci_bus 0000:00: root bus resource [io  0x0000-0x0cf7 window]
[    0.510393] pci_bus 0000:00: root bus resource [io  0x0d00-0xffff window]
[    0.512085] pci_bus 0000:00: root bus resource [mem 0x000a0000-0x000bffff window]
[    0.514787] pci_bus 0000:00: root bus resource [mem 0x9e800000-0xfdffffff window]
[    0.516978] pci_bus 0000:00: root bus resource [bus 00-ff]
[    0.520389] pci 0000:00:01.1: legacy IDE quirk: reg 0x10: [io  0x01f0-0x01f7]
[    0.522110] pci 0000:00:01.1: legacy IDE quirk: reg 0x14: [io  0x03f6]
[    0.534790] pci 0000:00:01.1: legacy IDE quirk: reg 0x18: [io  0x0170-0x0177]
[    0.536174] pci 0000:00:01.1: legacy IDE quirk: reg 0x1c: [io  0x0376]
[    0.573402] pci 0000:00:07.0: quirk: [io  0x4000-0x403f] claimed by PIIX4 ACPI
[    0.574683] pci 0000:00:07.0: quirk: [io  0x4100-0x410f] claimed by PIIX4 SMB
[    0.598860] ACPI: PCI Interrupt Link [LNKA] (IRQs 5 9 10 *11)
[    0.600933] ACPI: PCI Interrupt Link [LNKB] (IRQs 5 9 *10 11)
[    0.602930] ACPI: PCI Interrupt Link [LNKC] (IRQs 5 *9 10 11)
[    0.604584] ACPI: PCI Interrupt Link [LNKD] (IRQs 5 9 10 *11)
[    0.606636] ACPI: Enabled 2 GPEs in block 00 to 07
[    0.608489] vgaarb: setting as boot device: PCI:0000:00:02.0
[    0.609923] vgaarb: device added: PCI:0000:00:02.0,decodes=io+mem,owns=io+mem,locks=none
[    0.611848] vgaarb: loaded
[    0.612741] vgaarb: bridge control possible 0000:00:02.0
[    0.613868] SCSI subsystem initialized
[    0.614673] ACPI: bus type USB registered
[    0.615612] usbcore: registered new interface driver usbfs
[    0.616730] usbcore: registered new interface driver hub
[    0.618110] usbcore: registered new device driver usb
[    0.620337] PCI: Using ACPI for IRQ routing
[    0.623008] NetLabel: Initializing
[    0.625327] NetLabel:  domain hash size = 128
[    0.630173] NetLabel:  protocols = UNLABELED CIPSOv4
[    0.632162] NetLabel:  unlabeled traffic allowed by default
[    0.635558] amd_nb: Cannot enumerate AMD northbridges
[    0.637049] clocksource: Switched to clocksource kvm-clock
[    0.646554] AppArmor: AppArmor Filesystem Enabled
[    0.648469] pnp: PnP ACPI init
[    0.649868] pnp: PnP ACPI: found 3 devices
[    0.661388] clocksource: acpi_pm: mask: 0xffffff max_cycles: 0xffffff, max_idle_ns: 2085701024 ns
[    0.664666] NET: Registered protocol family 2
[    0.665573] TCP established hash table entries: 32768 (order: 6, 262144 bytes)
[    0.667126] TCP bind hash table entries: 32768 (order: 7, 524288 bytes)
[    0.669268] TCP: Hash tables configured (established 32768 bind 32768)
[    0.670757] UDP hash table entries: 2048 (order: 4, 65536 bytes)
[    0.671938] UDP-Lite hash table entries: 2048 (order: 4, 65536 bytes)
[    0.673167] NET: Registered protocol family 1
[    0.674112] pci 0000:00:00.0: Limiting direct PCI/PCI transfers
[    0.675032] pci 0000:00:01.0: Activating ISA DMA hang workarounds
[    0.676392] Unpacking initramfs...
[    0.923791] Freeing initrd memory: 15444K
[    0.924647] clocksource: tsc: mask: 0xffffffffffffffff max_cycles: 0x2879c5f06f2, max_idle_ns: 440795220049 ns
[    0.927420] platform rtc_cmos: registered platform RTC device (no PNP device found)
[    0.929923] Scanning for low memory corruption every 60 seconds
[    0.931953] audit: initializing netlink subsys (disabled)
[    0.933574] audit: type=2000 audit(1600531329.862:1): initialized
[    0.934962] Initialise system trusted keyring
[    0.936243] HugeTLB registered 2 MB page size, pre-allocated 0 pages
[    0.939033] zbud: loaded
[    0.940410] VFS: Disk quotas dquot_6.6.0
[    0.941681] VFS: Dquot-cache hash table entries: 512 (order 0, 4096 bytes)
[    0.943974] squashfs: version 4.0 (2009/01/31) Phillip Lougher
[    0.946487] fuse init (API version 7.23)
[    0.948408] Key type big_key registered
[    0.949126] Allocating IMA MOK and blacklist keyrings.
[    0.951271] Key type asymmetric registered
[    0.952021] Asymmetric key parser 'x509' registered
[    0.953273] Block layer SCSI generic (bsg) driver version 0.4 loaded (major 249)
[    0.955557] io scheduler noop registered
[    0.956490] io scheduler deadline registered (default)
[    0.957799] io scheduler cfq registered
[    0.958869] pci_hotplug: PCI Hot Plug PCI Core version: 0.5
[    0.960277] pciehp: PCI Express Hot Plug Controller Driver version: 0.4
[    0.962822] ACPI: AC Adapter [AC] (on-line)
[    0.964353] input: Power Button as /devices/LNXSYSTM:00/LNXPWRBN:00/input/input0
[    0.966004] ACPI: Power Button [PWRF]
[    0.967018] input: Sleep Button as /devices/LNXSYSTM:00/LNXSLPBN:00/input/input1
[    0.968398] ACPI: Sleep Button [SLPF]
[    0.969969] ACPI: Battery Slot [BAT0] (battery present)
[    0.970868] GHES: HEST is not enabled!
[    0.971655] Serial: 8250/16550 driver, 32 ports, IRQ sharing enabled
[    0.993248] 00:02: ttyS0 at I/O 0x3f8 (irq = 4, base_baud = 115200) is a 16550A
[    0.998043] Linux agpgart interface v0.103
[    1.000715] loop: module loaded
[    1.001804] scsi host0: ata_piix
[    1.002521] scsi host1: ata_piix
[    1.003208] ata1: PATA max UDMA/33 cmd 0x1f0 ctl 0x3f6 bmdma 0xd000 irq 14
[    1.004299] ata2: PATA max UDMA/33 cmd 0x170 ctl 0x376 bmdma 0xd008 irq 15
[    1.006150] libphy: Fixed MDIO Bus: probed
[    1.007206] tun: Universal TUN/TAP device driver, 1.6
[    1.008413] tun: (C) 1999-2004 Max Krasnyansky <maxk@qualcomm.com>
[    1.010001] PPP generic driver version 2.4.2
[    1.011072] ehci_hcd: USB 2.0 'Enhanced' Host Controller (EHCI) Driver
[    1.012325] ehci-pci: EHCI PCI platform driver
[    1.013101] ehci-platform: EHCI generic platform driver
[    1.014082] ohci_hcd: USB 1.1 'Open' Host Controller (OHCI) Driver
[    1.015091] ohci-pci: OHCI PCI platform driver
[    1.015909] ohci-platform: OHCI generic platform driver
[    1.017045] uhci_hcd: USB Universal Host Controller Interface driver
[    1.018114] i8042: PNP: PS/2 Controller [PNP0303:PS2K,PNP0f03:PS2M] at 0x60,0x64 irq 1,12
[    1.020028] serio: i8042 KBD port at 0x60,0x64 irq 1
[    1.020874] serio: i8042 AUX port at 0x60,0x64 irq 12
[    1.021907] mousedev: PS/2 mouse device common for all mice
[    1.023251] input: AT Translated Set 2 keyboard as /devices/platform/i8042/serio0/input/input2
[    1.024806] rtc_cmos rtc_cmos: rtc core: registered rtc_cmos as rtc0
[    1.026518] rtc_cmos rtc_cmos: alarms up to one day, 114 bytes nvram
[    1.029231] i2c /dev entries driver
[    1.030296] device-mapper: uevent: version 1.0.3
[    1.031312] device-mapper: ioctl: 4.34.0-ioctl (2015-10-28) initialised: dm-devel@redhat.com
[    1.032975] ledtrig-cpu: registered to indicate activity on CPUs
[    1.034893] NET: Registered protocol family 10
[    1.035958] NET: Registered protocol family 17
[    1.037526] Key type dns_resolver registered
[    1.038582] registered taskstats version 1
[    1.039495] Loading compiled-in X.509 certificates
[    1.040960] Loaded X.509 cert 'Build time autogenerated kernel key: 06f0812676e66a24038557b34a5a5205bffb6390'
[    1.043746] zswap: loaded using pool lzo/zbud
[    1.047244] Key type trusted registered
[    1.051363] Key type encrypted registered
[    1.052214] AppArmor: AppArmor sha1 policy hashing enabled
[    1.053228] ima: No TPM chip found, activating TPM-bypass!
[    1.054320] ima: Allocated hash algorithm: sha1
[    1.055314] evm: HMAC attrs: 0x1
[    1.056373]   Magic number: 4:106:35
[    1.057813] bdi 7:0: hash matches
[    1.058936] rtc_cmos rtc_cmos: setting system clock to 2020-09-19 16:02:04 UTC (1600531324)
[    1.061952] BIOS EDD facility v0.16 2004-Jun-25, 0 devices found
[    1.063470] EDD information not available.
[    1.172574] Freeing unused kernel memory: 1492K
[    1.173497] Write protecting the kernel read-only data: 14336k
[    1.175147] Freeing unused kernel memory: 1592K
[    1.177266] Freeing unused kernel memory: 56K
Loading, please wait...
starting version 229
[    1.194111] random: systemd-udevd: uninitialized urandom read (16 bytes read, 3 bits of entropy available)
[    1.195385] random: udevadm: uninitialized urandom read (16 bytes read, 3 bits of entropy available)
[    1.195423] random: udevadm: uninitialized urandom read (16 bytes read, 3 bits of entropy available)
[    1.203749] random: systemd-udevd: uninitialized urandom read (16 bytes read, 3 bits of entropy available)
[    1.206234] random: udevadm: uninitialized urandom read (16 bytes read, 3 bits of entropy available)
[    1.206283] random: udevadm: uninitialized urandom read (16 bytes read, 3 bits of entropy available)
[    1.206486] random: udevadm: uninitialized urandom read (16 bytes read, 3 bits of entropy available)
[    1.206544] random: udevadm: uninitialized urandom read (16 bytes read, 3 bits of entropy available)
[    1.206600] random: udevadm: uninitialized urandom read (16 bytes read, 3 bits of entropy available)
[    1.206710] random: udevadm: uninitialized urandom read (16 bytes read, 3 bits of entropy available)
[    1.249967] e1000: Intel(R) PRO/1000 Network Driver - version 7.3.21-k8-NAPI
[    1.251308] e1000: Copyright (c) 1999-2006 Intel Corporation.
[    1.257942] Fusion MPT base driver 3.04.20
[    1.259426] Copyright (c) 1999-2008 LSI Corporation
[    1.267991] Fusion MPT SPI Host driver 3.04.20
[    1.278729] AVX2 version of gcm_enc/dec engaged.
[    1.280044] AES CTR mode by8 optimization enabled
[    1.463262] input: ImExPS/2 Generic Explorer Mouse as /devices/platform/i8042/serio1/input/input4
[    1.662931] e1000 0000:00:03.0 eth0: (PCI:33MHz:32-bit) 02:af:02:e1:1a:f1
[    1.664646] e1000 0000:00:03.0 eth0: Intel(R) PRO/1000 Network Connection
[    2.062705] e1000 0000:00:08.0 eth1: (PCI:33MHz:32-bit) 08:00:27:a1:4f:83
[    2.064225] e1000 0000:00:08.0 eth1: Intel(R) PRO/1000 Network Connection
[    2.074700] mptbase: ioc0: Initiating bringup
[    2.076892] e1000 0000:00:03.0 enp0s3: renamed from eth0
[    2.086184] e1000 0000:00:08.0 enp0s8: renamed from eth1
[    2.581122] ioc0: LSI53C1030 A0: Capabilities={Initiator}
[    3.188389] scsi host2: ioc0: LSI53C1030 A0, FwRev=00000000h, Ports=1, MaxQ=256, IRQ=20
[    4.389150] scsi 2:0:0:0: Direct-Access     VBOX     HARDDISK         1.0  PQ: 0 ANSI: 5
[    4.391702] scsi target2:0:0: Beginning Domain Validation
[    4.395443] scsi target2:0:0: Domain Validation skipping write tests
[    4.396828] scsi target2:0:0: Ending Domain Validation
[    4.408006] scsi target2:0:0: asynchronous
[    4.409931] scsi 2:0:1:0: Direct-Access     VBOX     HARDDISK         1.0  PQ: 0 ANSI: 5
[    4.411666] scsi target2:0:1: Beginning Domain Validation
[    4.414279] scsi target2:0:1: Domain Validation skipping write tests
[    4.415630] scsi target2:0:1: Ending Domain Validation
[    4.416532] scsi target2:0:1: asynchronous
[    4.421006] scsi 2:0:15:0: Direct-Access     VBOX     HARDDISK         1.0  PQ: 0 ANSI: 5
[    4.422776] scsi target2:0:15: Beginning Domain Validation
[    4.424727] scsi target2:0:15: Domain Validation skipping write tests
[    4.425954] scsi target2:0:15: Ending Domain Validation
[    4.427021] scsi target2:0:15: asynchronous
[    4.429763] sd 2:0:0:0: [sda] 73400320 512-byte logical blocks: (37.6 GB/35.0 GiB)
[    4.429964] sd 2:0:0:0: Attached scsi generic sg0 type 0
[    4.433025] sd 2:0:0:0: [sda] Write Protect is off
[    4.433534] sd 2:0:1:0: [sdb] 20480 512-byte logical blocks: (10.5 MB/10.0 MiB)
[    4.433697] sd 2:0:1:0: [sdb] Write Protect is off
[    4.433822] sd 2:0:1:0: [sdb] Incomplete mode parameter data
[    4.433824] sd 2:0:1:0: [sdb] Assuming drive cache: write through
[    4.437205] sd 2:0:1:0: Attached scsi generic sg1 type 0
[    4.437681] sd 2:0:15:0: Attached scsi generic sg2 type 0
[    4.438223] sd 2:0:15:0: [sdc] 10240000 512-byte logical blocks: (5.24 GB/4.88 GiB)
[    4.438418] sd 2:0:15:0: [sdc] Write Protect is off
[    4.438556] sd 2:0:15:0: [sdc] Incomplete mode parameter data
[    4.438558] sd 2:0:15:0: [sdc] Assuming drive cache: write through
[    4.449232] sd 2:0:0:0: [sda] Incomplete mode parameter data
[    4.450501] sd 2:0:0:0: [sda] Assuming drive cache: write through
[    4.519632]  sdc: sdc1
[    4.521362] sd 2:0:15:0: [sdc] Attached SCSI disk
[    4.529344]  sda: sda1
[    4.531889] sd 2:0:0:0: [sda] Attached SCSI disk
[    4.562183] sd 2:0:1:0: [sdb] Attached SCSI disk
Begin: Loading essential drivers ... [    6.044844] md: linear personality registered for level -1
[    6.048181] md: multipath personality registered for level -4
[    6.052131] md: raid0 personality registered for level 0
[    6.057258] md: raid1 personality registered for level 1
[    6.129541] raid6: sse2x1   gen()  9982 MB/s
[    6.197049] raid6: sse2x1   xor()  6925 MB/s
[    6.265187] raid6: sse2x2   gen() 11543 MB/s
[    6.333584] raid6: sse2x2   xor()  8849 MB/s
[    6.401846] raid6: sse2x4   gen() 14881 MB/s
[    6.469148] raid6: sse2x4   xor()  8065 MB/s
[    6.537998] raid6: avx2x1   gen() 17902 MB/s
[    6.605434] raid6: avx2x2   gen() 22133 MB/s
[    6.673729] raid6: avx2x4   gen() 16501 MB/s
[    6.675211] raid6: using algorithm avx2x2 gen() 22133 MB/s
[    6.676746] raid6: using avx2x2 recovery algorithm
[    6.679644] xor: automatically using best checksumming function:
[    6.717272]    avx       : 23527.000 MB/sec
[    6.720385] async_tx: api initialized (async)
[    6.736884] md: raid6 personality registered for level 6
[    6.738544] md: raid5 personality registered for level 5
[    6.739542] md: raid4 personality registered for level 4
[    6.753106] md: raid10 personality registered for level 10
done.
Begin: Running /scripts/init-premount ... done.
Begin: Mounting root file system ... Begin: Running /scripts/local-top ... done.
Begin: Running /scripts/local-premount ... [    6.793180] Btrfs loaded
Scanning for Btrfs filesystems
done.
Warning: fsck not present, so skipping root file system
[    6.838829] EXT4-fs (sda1): mounted filesystem with ordered data mode. Opts: (null)
done.
Begin: Running /scripts/local-bottom ... done.
Begin: Running /scripts/init-bottom ... done.
[    7.058134] random: nonblocking pool is initialized
[    7.765271] systemd[1]: systemd 229 running in system mode. (+PAM +AUDIT +SELINUX +IMA +APPARMOR +SMACK +SYSVINIT +UTMP +LIBCRYPTSETUP +GCRYPT +GNUTLS +ACL +XZ -LZ4 +SECCOMP +BLKID +ELFUTILS +KMOD -IDN)
[    7.780298] systemd[1]: Detected virtualization oracle.
[    7.783158] systemd[1]: Detected architecture x86-64.

Welcome to [1mUbuntu 16.04.7 LTS[0m!

[    7.811110] systemd[1]: Set hostname to <zhenc.test>.
[    9.821431] systemd[1]: [/etc/systemd/system/laravelfly_zc.service:4] Failed to add dependency on network.target,syslog.target, ignoring: Invalid argument
[    9.852715] systemd[1]: Reached target System Time Synchronized.
[[0;32m  OK  [0m] Reached target System Time Synchronized.
[    9.862021] systemd[1]: Listening on LVM2 metadata daemon socket.
[[0;32m  OK  [0m] Listening on LVM2 metadata daemon socket.
[    9.864263] systemd[1]: Listening on Journal Socket (/dev/log).
[[0;32m  OK  [0m] Listening on Journal Socket (/dev/log).
[    9.866323] systemd[1]: Listening on udev Control Socket.
[[0;32m  OK  [0m] Listening on udev Control Socket.
[    9.868716] systemd[1]: Listening on Device-mapper event daemon FIFOs.
[[0;32m  OK  [0m] Listening on Device-mapper event daemon FIFOs.
[    9.871280] systemd[1]: Reached target User and Group Name Lookups.
[[0;32m  OK  [0m] Reached target User and Group Name Lookups.
[    9.873180] systemd[1]: Listening on udev Kernel Socket.
[[0;32m  OK  [0m] Listening on udev Kernel Socket.
[    9.874816] systemd[1]: Reached target Encrypted Volumes.
[[0;32m  OK  [0m] Reached target Encrypted Volumes.
[    9.881494] systemd[1]: Started Forward Password Requests to Wall Directory Watch.
[[0;32m  OK  [0m] Started Forward Password Requests to Wall Directory Watch.
[    9.885474] systemd[1]: Created slice User and Session Slice.
[[0;32m  OK  [0m] Created slice User and Session Slice.
[    9.887880] systemd[1]: Started Trigger resolvconf update for networkd DNS.
[[0;32m  OK  [0m] Started Trigger resolvconf update for networkd DNS.
[    9.890440] systemd[1]: Listening on Syslog Socket.
[[0;32m  OK  [0m] Listening on Syslog Socket.
[    9.892267] systemd[1]: Listening on /dev/initctl Compatibility Named Pipe.
[[0;32m  OK  [0m] Listening on /dev/initctl Compatibility Named Pipe.
[    9.894988] systemd[1]: Listening on LVM2 poll daemon socket.
[[0;32m  OK  [0m] Listening on LVM2 poll daemon socket.
[    9.897293] systemd[1]: Listening on Journal Socket.
[[0;32m  OK  [0m] Listening on Journal Socket.
[    9.899601] systemd[1]: Reached target Swap.
[[0;32m  OK  [0m] Reached target Swap.
[    9.902188] systemd[1]: Created slice System Slice.
[[0;32m  OK  [0m] Created slice System Slice.
[    9.918026] systemd[1]: Starting Uncomplicated firewall...
         Starting Uncomplicated firewall...
[    9.921100] systemd[1]: Starting Remount Root and Kernel File Systems...
         Starting Remount Root and Kernel File Systems...
[    9.923652] systemd[1]: Reached target Slices.
[[0;32m  OK  [0m] Reached target Slices.
[    9.926687] systemd[1]: Starting Create list of required static device nodes for the current kernel...
         Starting Create list of required st... nodes for the current kernel...
[    9.930798] systemd[1]: Created slice system-serial\x2dgetty.slice.
[[0;32m  OK  [0m] Created slice system-serial\x2dgetty.slice.
[    9.934673] systemd[1]: Mounting POSIX Message Queue File System...
         Mounting POSIX Message Queue File System...
[    9.938916] systemd[1]: Created slice system-postgresql.slice.
[[0;32m  OK  [0m] Created slice system-postgresql.slice.
[    9.997569] systemd[1]: Starting Load Kernel Modules...
         Starting Load Kernel Modules...
[   10.000961] systemd[1]: Mounting Huge Pages File System...
         Mounting Huge Pages File System...
[   10.005051] systemd[1]: Starting Monitoring of LVM2 mirrors, snapshots etc. using dmeventd or progress polling...
         Starting Monitoring of LVM2 mirrors... dmeventd or progress polling...
[   10.008998] systemd[1]: Set up automount Arbitrary Executable File Formats File System Automount Point.
[[0;32m  OK  [0m] Set up automount Arbitrary Executab...ats File System Automount Point.
[   10.049299] systemd[1]: Mounting Debug File System...
         Mounting Debug File System...
[   10.052740] systemd[1]: Starting Set console keymap...
         Starting Set console keymap...
[   10.055910] systemd[1]: Starting Nameserver information manager...
         Starting Nameserver information manager...
[   10.058270] systemd[1]: Listening on Journal Audit Socket.
[[0;32m  OK  [0m] Listening on Journal Audit Socket.
[   10.061251] systemd[1]: Starting Journal Service...
         Starting Journal Service...
[   10.064663] systemd[1]: Started Uncomplicated firewall.
[[0;32m  OK  [0m] Started Uncomplicated firewall.
[   10.068455] systemd[1]: Started Create list of required static device nodes for the current kernel.
[[0;32m  OK  [0m] Started Create list of required sta...ce nodes for the current kernel.
[   10.089385] systemd[1]: Starting Create Static Device Nodes in /dev...
         Starting Create Static Device Nodes in /dev...
[   10.266934] Loading iSCSI transport class v2.0-870.
[   10.344645] iscsi: registered transport (tcp)
[   10.461476] systemd[1]: Started Journal Service.
[[0;32m  OK  [0m] Started Journal Service.
[   10.497262] EXT4-fs (sda1): re-mounted. Opts: (null)
[[0;32m  OK  [0m] Mounted Huge Pages File System.
[[0;32m  OK  [0m] Mounted POSIX Message Queue File System.
[[0;32m  OK  [0m] Mounted Debug File System.
[[0;32m  OK  [0m] Started Remount Root and Kernel File Systems.
         Starting Load/Save Random Seed...
         Starting udev Coldplug all Devices...
         Starting Flush Journal to Persistent Storage...
[[0;32m  OK  [0m] Started Nameserver information manager.
[[0;32m  OK  [0m] Started LVM2 metadata daemon.
[   10.697489] systemd-journald[407]: Received request to flush runtime journal from PID 1
[[0;32m  OK  [0m] Started udev Coldplug all Devices.
[   10.774549] iscsi: registered transport (iser)
[[0;32m  OK  [0m] Started Load Kernel Modules.
         Mounting FUSE Control File System...
         Starting Apply Kernel Variables...
[[0;32m  OK  [0m] Mounted FUSE Control File System.
[[0;32m  OK  [0m] Started Flush Journal to Persistent Storage.
[[0;32m  OK  [0m] Started Set console keymap.
[[0;32m  OK  [0m] Started Load/Save Random Seed.
[[0;32m  OK  [0m] Started Apply Kernel Variables.
[[0;32m  OK  [0m] Started Create Static Device Nodes in /dev.
         Starting udev Kernel Device Manager...
[[0;32m  OK  [0m] Started Monitoring of LVM2 mirrors,...ng dmeventd or progress polling.
[[0;32m  OK  [0m] Reached target Local File Systems (Pre).
[[0;32m  OK  [0m] Started udev Kernel Device Manager.
[[0;32m  OK  [0m] Started Dispatch Password Requests to Console Directory Watch.
[[0;32m  OK  [0m] Found device /dev/ttyS0.
[[0;32m  OK  [0m] Listening on Load/Save RF Kill Switch Status /dev/rfkill Watch.
[[0;32m  OK  [0m] Found device 82540EM Gigabit Ethern...r (PRO/1000 MT Desktop Adapter).
[[0;32m  OK  [0m] Found device 82540EM Gigabit Ethern...r (PRO/1000 MT Desktop Adapter).
[[0;32m  OK  [0m] Found device /dev/diskhomegroup/diskhome.
         Mounting /home...
[[0;32m  OK  [0m] Mounted /home.
[[0;32m  OK  [0m] Reached target Local File Systems.
         Starting Create Volatile Files and Directories...
         Starting Tell Plymouth To Write Out Runtime Data...
         Starting Set console font and keymap...
         Starting Initial cloud-init job (pre-networking)...
         Starting LSB: AppArmor initialization...
[[0;32m  OK  [0m] Started Tell Plymouth To Write Out Runtime Data.
[[0;32m  OK  [0m] Started Create Volatile Files and Directories.
         Starting Update UTMP about System Boot/Shutdown...
[[0;32m  OK  [0m] Started Update UTMP about System Boot/Shutdown.
[[0;32m  OK  [0m] Started Set console font and keymap.
[[0;32m  OK  [0m] Created slice system-getty.slice.
[[0;32m  OK  [0m] Started LSB: AppArmor initialization.
         Starting Load AppArmor profiles managed internally by snapd...
[[0;32m  OK  [0m] Started Load AppArmor profiles managed internally by snapd.
[   18.222865] cloud-init[748]: Traceback (most recent call last):
[   18.225102] cloud-init[748]:   File "/usr/bin/cloud-init", line 9, in <module>
[   18.232990] cloud-init[748]:     load_entry_point('cloud-init==20.2', 'console_scripts', 'cloud-init')()
[   18.235138] cloud-init[748]:   File "/usr/local/lib/python3.7/dist-packages/pkg_resources/__init__.py", line 489, in load_entry_point
[   18.237431] cloud-init[748]:     return get_distribution(dist).load_entry_point(group, name)
[   18.244490] cloud-init[748]:   File "/usr/local/lib/python3.7/dist-packages/pkg_resources/__init__.py", line 2793, in load_entry_point
[   18.246450] cloud-init[748]:     return ep.load()
[   18.247542] cloud-init[748]:   File "/usr/local/lib/python3.7/dist-packages/pkg_resources/__init__.py", line 2411, in load
[   18.256741] [[0;1;31mFAILED[0m] Failed to start Initial cloud-init job (pre-networking).
See 'systemctl status cloud-init-local.service' for details.
cloud-init[748]:     return self.resolve()
[   18.258758] [[0;32m  OK  [0m] Reached target Network (Pre).
cloud-init[748]:   File "/usr/local/lib/python3.7/dist-packages/pkg_resources/__init__.py", line 2417, in resolve
[   18.264336] [cloud-init[0;32m  OK  [0m[748]: ]     module = __import__(self.module_name, fromlist=['__name__'], level=0)Started ifup for enp0s8.

[   18.265711] cloud-init[748]:   File "/usr/lib/python3/dist-packages/cloudinit/cmd/main.py", line 29, in <module>
[   18.273129] cloud-init[748]:     from cloudinit import stages
[   18.281012] cloud-init[748]:   File "/usr/lib/python3/dist-packages/cloudinit/stages.py", line 19, in <module>
[   18.288807] cloud-init[748]:     from cloudinit.handlers.cloud_config import CloudConfigPartHandler
[   18.296619]          cloud-initStarting Raise network interfaces...[748]: 
  File "/usr/lib/python3/dist-packages/cloudinit/handlers/cloud_config.py", line 11, in <module>
[   18.301238] [[0;32m  OK  [0m] Started ifup for enp0s3.
cloud-init[748]:     import jsonpatch
[   18.308508] cloud-init[748]:   File "/usr/lib/python3/dist-packages/jsonpatch.py", line 114, in <module>
[   18.320179] cloud-init[748]:     json.load = get_loadjson()
[   18.330688] cloud-init[748]:   File "/usr/lib/python3/dist-packages/jsonpatch.py", line 108, in get_loadjson
[   18.333323] cloud-init[748]:     argspec = inspect.getargspec(json.load)
[   18.334352] cloud-init[748]:   File "/usr/lib/python3.7/inspect.py", line 1082, in getargspec
[   18.336444] cloud-init[748]:     raise ValueError("Function has keyword-only parameters or annotations"
[   18.337741] cloud-init[748]: ValueError: Function has keyword-only parameters or annotations, use getfullargspec() API which can support them
[[0;32m  OK  [0m] Started Raise network interfaces.
         Starting Initial cloud-init job (metadata service crawler)...
[[0;32m  OK  [0m] Reached target Network.
[   19.413049] cloud-init[1378]: Traceback (most recent call last):
[   19.414978] cloud-init[1378]:   File "/usr/bin/cloud-init", line 9, in <module>
[   19.416609] cloud-init[1378]:     load_entry_point('cloud-init==20.2', 'console_scripts', 'cloud-init')()
[   19.418009] cloud-init[1378]:   File "/usr/local/lib/python3.7/dist-packages/pkg_resources/__init__.py", line 489, in load_entry_point
[   19.419683] cloud-init[1378]:     return get_distribution(dist).load_entry_point(group, name)
[   19.420928] cloud-init[1378]:   File "/usr/local/lib/python3.7/dist-packages/pkg_resources/__init__.py", line 2793, in load_entry_point
[   19.422524] cloud-init[1378]:     return ep.load()
[   19.423436] cloud-init[1378]:   File "/usr/local/lib/python3.7/dist-packages/pkg_resources/__init__.py", line 2411, in load
[   19.424887] cloud-init[1378]:     return self.resolve()
[   19.425780] cloud-init[1378]:   File "/usr/local/lib/python3.7/dist-packages/pkg_resources/__init__.py", line 2417, in resolve
[   19.427338] cloud-init[1378]:     module = __import__(self.module_name, fromlist=['__name__'], level=0)
[   19.436679] cloud-init[1378]:   File "/usr/lib/python3/dist-packages/cloudinit/cmd/main.py", line 29, in <module>
[   19.438540] cloud-init[1378]:     from cloudinit import stages
[   19.439820] cloud-init[1378]:   File "/usr/lib/python3/dist-packages/cloudinit/stages.py", line 19, in <module>
[   19.441338] cloud-init[1378]:     from cloudinit.handlers.cloud_config import CloudConfigPartHandler
[   19.442687] cloud-init[1378]:   File "/usr/lib/python3/dist-packages/cloudinit/handlers/cloud_config.py", line 11, in <module>
[   19.444236] cloud-init[1378]:     import jsonpatch
[   19.445130] cloud-init[1378]:   File "/usr/lib/python3/dist-packages/jsonpatch.py", line 114, in <module>
[   19.446442] cloud-init[1378]:     json.load = get_loadjson()
[   19.448021] cloud-init[1378]:   File "/usr/lib/python3/dist-packages/jsonpatch.py", line 108, in get_loadjson
[   19.449937] cloud-init[1378]: [[0;1;31mFAILED[0m] Failed to start Initial cloud-init job (metadata service crawler).
See 'systemctl status cloud-init.service' for details.
[[0;32m  OK  [0m] Reached target System Initialization.
    argspec = inspect.getargspec(json.load)
[   19.452852] cloud-init[1378]:   File "/usr/lib/python3.7/inspect.py", line 1082, in getargspec
[   19.454123] cloud-init[1378]:     raise ValueError("Function has keyword-only parameters or annotations"
[   19.455373] cloud-init[1378]: ValueError: Function has keyword-only parameters or annotations, use getfullargspec() API which can support them
[[0;32m  OK  [0m] Started ACPI Events Check.
[[0;32m  OK  [0m] Reached target Paths.
[[0;32m  OK  [0m] Listening on ACPID Listen Socket.
[[0;32m  OK  [0m] Started Daily apt download activities.
[[0;32m  OK  [0m] Listening on UUID daemon activation socket.
[[0;32m  OK  [0m] Listening on D-Bus System Message Bus Socket.
[[0;32m  OK  [0m] Started Message of the Day.
         Starting LXD - unix socket.
[[0;32m  OK  [0m] Started Clean PHP session files every 30 mins.
         Starting Docker Socket for the API.
[[0;32m  OK  [0m] Started Daily apt upgrade and clean activities.
         Starting Socket activation for snappy daemon.
[[0;32m  OK  [0m] Started Daily Cleanup of Temporary Directories.
[[0;32m  OK  [0m] Reached target Timers.
[[0;32m  OK  [0m] Reached target Cloud-config availability.
[[0;32m  OK  [0m] Reached target Network is Online.
         Starting iSCSI initiator daemon (iscsid)...
[[0;32m  OK  [0m] Listening on LXD - unix socket.
[[0;32m  OK  [0m] Listening on Docker Socket for the API.
[[0;32m  OK  [0m] Listening on Socket activation for snappy daemon.
[[0;32m  OK  [0m] Reached target Sockets.
[[0;32m  OK  [0m] Reached target Basic System.
         Starting LXD - container startup/shutdown...
         Starting OpenBSD Secure Shell server...
         Starting The PHP 7.4 FastCGI Process Manager...
         Starting /etc/rc.local Compatibility...
         Starting Snap Daemon...
[[0;32m  OK  [0m] Started laravelfly zc.
         Starting LSB: Record successful boot for GRUB...
         Starting containerd container runtime...
         Starting PM2 process manager...
         Starting PostgreSQL Cluster 12-main...
[[0;32m  OK  [0m] Started FUSE filesystem for LXC.
[[0;32m  OK  [0m] Started BIND Domain Name Server.
[[0;32m  OK  [0m] Reached target Host and Network Name Lookups.
         Starting Advanced key-value store...
         Starting Ubuntu FAN network setup...
         Starting LSB: MD monitoring daemon...
[[0;32m  OK  [0m] Started Deferred execution scheduler.
[[0;32m  OK  [0m] Started ACPI event daemon.
         Starting System Logging Service...
         Starting vboxadd.service...
         Starting MySQL Community Server...
         Starting Login Service...
         Starting Accounts Service...
[[0;32m  OK  [0m] Started Regular background program processing daemon.
         Starting A high performance web server and a reverse proxy server...
[[0;32m  OK  [0m] Started D-Bus System Message Bus.
[[0;32m  OK  [0m] Started /etc/rc.local Compatibility.
[[0;32m  OK  [0m] Started containerd container runtime.
[[0;32m  OK  [0m] Started Ubuntu FAN network setup.
[[0;32m  OK  [0m] Started OpenBSD Secure Shell server.
         Starting Docker Application Container Engine...
[[0;32m  OK  [0m] Started Login Service.
[[0;32m  OK  [0m] Started Unattended Upgrades Shutdown.
[[0;32m  OK  [0m] Started System Logging Service.
[[0;32m  OK  [0m] Stopped laravelfly zc.
[[0;32m  OK  [0m] Started laravelfly zc.
[[0;32m  OK  [0m] Started iSCSI initiator daemon (iscsid).
[[0;32m  OK  [0m] Stopped laravelfly zc.
[[0;32m  OK  [0m] Started laravelfly zc.
         Starting Login to default iSCSI targets...
[[0;32m  OK  [0m] Started LSB: MD monitoring daemon.
[[0;32m  OK  [0m] Stopped laravelfly zc.
[[0;32m  OK  [0m] Started laravelfly zc.
[[0;32m  OK  [0m] Started LSB: Record successful boot for GRUB.
         Starting Authenticate and Authorize Users to Run Privileged Tasks...
[[0;32m  OK  [0m] Stopped laravelfly zc.
[[0;32m  OK  [0m] Started laravelfly zc.
[[0;32m  OK  [0m] Stopped laravelfly zc.
[[0;1;31mFAILED[0m] Failed to start laravelfly zc.
See 'systemctl status laravelfly_zc.service' for details.
[[0;32m  OK  [0m] Started Authenticate and Authorize Users to Run Privileged Tasks.
[[0;32m  OK  [0m] Started Accounts Service.
[[0;32m  OK  [0m] Started Login to default iSCSI targets.
[[0;32m  OK  [0m] Reached target Remote File Systems (Pre).
[[0;32m  OK  [0m] Reached target Remote File Systems.
         Starting LSB: Set up cgroupfs mounts....
         Starting LSB: Set the CPU Frequency Scaling governor to "ondemand"...
         Starting Permit User Sessions...
         Starting LSB: Apache2 web server...
         Starting LSB: Start/stop sysstat's sadc...
         Starting LSB: automatic crash report generation...
         Starting LSB: Controls chronyd NTP time daemon...
         Starting LSB: daemon to balance interrupts for SMP systems...
[[0;32m  OK  [0m] Started LSB: Set the CPU Frequency Scaling governor to "ondemand".
[[0;32m  OK  [0m] Started LSB: daemon to balance interrupts for SMP systems.
[[0;32m  OK  [0m] Started LSB: Set up cgroupfs mounts..
[[0;32m  OK  [0m] Started LSB: Start/stop sysstat's sadc.
[[0;32m  OK  [0m] Started Permit User Sessions.
         Starting Terminate Plymouth Boot Screen...
         Starting Hold until boot process finishes up...
[[0;32m  OK  [0m] Started Terminate Plymouth Boot Screen.
[[0;32m  OK  [0m] Started Hold until boot process finishes up.
[[0;32m  OK  [0m] Started Getty on tty1.
[[0;32m  OK  [0m] Started Serial Getty on ttyS0.
[[0;32m  OK  [0m] Reached target Login Prompts.
         Starting Set console scheme...
[[0;32m  OK  [0m] Started LSB: Apache2 web server.
[[0;32m  OK  [0m] Started Set console scheme.
[[0;32m  OK  [0m] Started LSB: automatic crash report generation.
[[0;32m  OK  [0m] Started Advanced key-value store.
[[0;32m  OK  [0m] Started LXD - container startup/shutdown.
[[0;32m  OK  [0m] Started Snap Daemon.
         Starting Wait until snapd is fully seeded...
[[0;32m  OK  [0m] Created slice User Slice of vagrant.
[[0;32m  OK  [0m] Started Wait until snapd is fully seeded.
[   31.157606] cloud-init[1751]: Traceback (most recent call last):
[   31.157856] cloud-init[1751]:   File "/usr/bin/cloud-init", line 9, in <module>
[   31.158616] cloud-init[1751]:     load_entry_point('cloud-init==20.2', 'console_scripts', 'cloud-init')()
[   31.158976] cloud-init[1751]:   File "/usr/local/lib/python3.7/dist-packages/pkg_resources/__init__.py", line 489, in load_entry_point
[   31.159374] cloud-init[1751]:     return get_distribution(dist).load_entry_point(group, name)
[   31.159802] cloud-init[1751]:   File "/usr/local/lib/python3.7/dist-packages/pkg_resources/__init__.py", line 2793, in load_entry_point
[   31.160316] cloud-init[1751]:     return ep.load()
[   31.160725] cloud-init[1751]:   File "/usr/local/lib/python3.7/dist-packages/pkg_resources/__init__.py", line 2411, in load
[   31.161073] cloud-init[1751]:     return self.resolve()
[   31.161463] cloud-init[1751]:   File "/usr/local/lib/python3.7/dist-packages/pkg_resources/__init__.py", line 2417, in resolve
[   31.161927] cloud-init[1751]:     module = __import__(self.module_name, fromlist=['__name__'], level=0)
[   31.162188] cloud-init[1751]:   File "/usr/lib/python3/dist-packages/cloudinit/cmd/main.py", line 29, in <module>
[   31.162630] cloud-init[1751]:     from cloudinit import stages
[   31.162759] cloud-init[1751]:   File "/usr/lib/python3/dist-packages/cloudinit/stages.py", line 19, in <module>
[   31.163165] cloud-init[1751]:     from cloudinit.handlers.cloud_config import CloudConfigPartHandler
[   31.163905] cloud-init[1751]:   File "/usr/lib/python3/dist-packages/cloudinit/handlers/cloud_config.py", line 11, in <module>
[   31.172773] cloud-init[1751]:     import jsonpatch
[   31.173432] cloud-init[1751]:   File "/usr/lib/python3/dist-packages/jsonpatch.py", line 114, in <module>
[   31.174589] cloud-init[1751]:     json.load = get_loadjson()
[   31.175288] cloud-init[1751]:   File "/usr/lib/python3/dist-packages/jsonpatch.py", line 108, in get_loadjson
[   31.176421] cloud-init[1751]:     argspec = inspect.getargspec(json.load)
[   31.177398] cloud-init[1751]:   File "/usr/lib/python3.7/inspect.py", line 1082, in getargspec
[   31.178510] cloud-init[1751]:     raise ValueError("Function has keyword-only parameters or annotations"
[   31.179830] cloud-init[1751]: ValueError: Function has keyword-only parameters or annotations, use getfullargspec() API which can support them

Ubuntu 16.04.7 LTS zhenc.test ttyS0

zhenc login: [   54.819737] cloud-init[3435]: Traceback (most recent call last):
[   54.820214] cloud-init[3435]:   File "/usr/bin/cloud-init", line 9, in <module>
[   54.820426] cloud-init[3435]:     load_entry_point('cloud-init==20.2', 'console_scripts', 'cloud-init')()
[   54.820538] cloud-init[3435]:   File "/usr/local/lib/python3.7/dist-packages/pkg_resources/__init__.py", line 489, in load_entry_point
[   54.820724] cloud-init[3435]:     return get_distribution(dist).load_entry_point(group, name)
[   54.821167] cloud-init[3435]:   File "/usr/local/lib/python3.7/dist-packages/pkg_resources/__init__.py", line 2793, in load_entry_point
[   54.821527] cloud-init[3435]:     return ep.load()
[   54.821908] cloud-init[3435]:   File "/usr/local/lib/python3.7/dist-packages/pkg_resources/__init__.py", line 2411, in load
[   54.822022] cloud-init[3435]:     return self.resolve()
[   54.822466] cloud-init[3435]:   File "/usr/local/lib/python3.7/dist-packages/pkg_resources/__init__.py", line 2417, in resolve
[   54.822832] cloud-init[3435]:     module = __import__(self.module_name, fromlist=['__name__'], level=0)
[   54.823240] cloud-init[3435]:   File "/usr/lib/python3/dist-packages/cloudinit/cmd/main.py", line 29, in <module>
[   54.823585] cloud-init[3435]:     from cloudinit import stages
[   54.824157] cloud-init[3435]:   File "/usr/lib/python3/dist-packages/cloudinit/stages.py", line 19, in <module>
[   54.824633] cloud-init[3435]:     from cloudinit.handlers.cloud_config import CloudConfigPartHandler
[   54.825050] cloud-init[3435]:   File "/usr/lib/python3/dist-packages/cloudinit/handlers/cloud_config.py", line 11, in <module>
[   54.825523] cloud-init[3435]:     import jsonpatch
[   54.836043] cloud-init[3435]:   File "/usr/lib/python3/dist-packages/jsonpatch.py", line 114, in <module>
[   54.840984] cloud-init[3435]:     json.load = get_loadjson()
[   54.841664] cloud-init[3435]:   File "/usr/lib/python3/dist-packages/jsonpatch.py", line 108, in get_loadjson
[   54.842112] cloud-init[3435]:     argspec = inspect.getargspec(json.load)
[   54.842508] cloud-init[3435]:   File "/usr/lib/python3.7/inspect.py", line 1082, in getargspec
[   54.842825] cloud-init[3435]:     raise ValueError("Function has keyword-only parameters or annotations"
[   54.843022] cloud-init[3435]: ValueError: Function has keyword-only parameters or annotations, use getfullargspec() API which can support them
